[DB] Migration applied: 001_initial_schema.sql
[DB] Migration applied: 002_seed_data.sql
[DB] Migration applied: 003_voice_sessions.sql
[DB] Migration applied: 004_canonical_persistence_v2.sql
[DB] Migration applied: 005_canonical_organization_authority.sql
[DB] Migration applied: 006_canonical_voice_sessions.sql
[DB] Migration applied: 007_canonical_tax_authority.sql
[DB] Migration applied: 008_canonical_demo_authority.sql
[DB] Migration applied: 009_canonical_voice_provider_identity.sql
[DB] Migration applied: 010_account_session_authority.sql
[DB] Migration applied: 011_oauth_authorization_states.sql
[DB] Migration applied: 012_account_verification_trial.sql
[DB] Migration applied: 015_workforce_authority.sql
[DB] Migration applied: 016_tenant_asset_catalogue.sql
[DB] Migration applied: 017_retell_webhook_replay_authority.sql
[DB] Migration applied: 018_canonical_map_preferences.sql
[DB] Migration applied: 019_account_email_outbox.sql
[DB] Migration applied: 020_canonical_workforce_access_roles.sql
[DB] Migration applied: 021_bounded_api_observability.sql
[DB] Migration applied: 022_demo_command_center_sessions.sql
[DB] Migration applied: 023_homepage_demo_admission.sql
[DB] Migration applied: 024_homepage_verified_purge_receipt.sql
[DB] Migration applied: 025_provider_agnostic_knowledge_registry.sql
[DB] Migration applied: 026_canonical_knowledge_review_publication.sql
[DB] Migration applied: 027_canonical_knowledge_audit_graph_authority.sql
[DB] Migration applied: 028_canonical_knowledge_immutable_lifecycle.sql
[DB] Migration applied: 029_canonical_knowledge_transactional_sync.sql
[DB] Migration applied: 030_canonical_knowledge_sync_revocation.sql
[DB] Migration applied: 031_canonical_knowledge_sync_recovery_lifecycle.sql
[DB] Migration applied: 032_canonical_schedule_assignment_authority.sql
[DB] Migration applied: 033_canonical_schedule_time_evidence.sql
[DB] Migration applied: 034_schedule_availability_conflict_authority.sql
[DB] Migration applied: 035_schedule_human_preview_approval.sql
[Simulations] Canonical graph committed: {"operationId":"09183089-7c0e-4a44-b3b4-95ab1b71bf74","service":"plumbing","replayed":false}
{
  component: 'http',
  event: 'request_completed',
  requestId: 'c74a3842-6246-4890-8115-73e6cee46427',
  methodClass: 'POST',
  durationMs: 44,
  statusCode: 201
}
[Simulations] Canonical graph committed: {"operationId":"bd17e366-04c4-4675-a9ee-c2d2378f99c2","service":"plumbing","replayed":false}
{
  component: 'http',
  event: 'request_completed',
  requestId: '4983b743-36b3-4924-a798-554a2370f4c5',
  methodClass: 'POST',
  durationMs: 24,
  statusCode: 201
}
[Simulations] Canonical graph committed: {"operationId":"0005a20d-f1bc-49f9-8669-a9a7572ad48a","service":"plumbing","replayed":false}
{
  component: 'http',
  event: 'request_completed',
  requestId: '78b11024-35bd-400a-b3b5-48d8cee5a3a3',
  methodClass: 'POST',
  durationMs: 14,
  statusCode: 201
}
[Simulations] Canonical graph committed: {"operationId":"e843eb24-4db0-423f-9fa5-814658c4b993","service":"plumbing","replayed":false}
{
  component: 'http',
  event: 'request_completed',
  requestId: '1f3adcfe-2e77-4525-855b-621226b30cb0',
  methodClass: 'POST',
  durationMs: 14,
  statusCode: 201
}
[Simulations] Canonical graph committed: {"operationId":"14d090a4-8c5c-4eec-a805-4281997e87b7","service":"plumbing","replayed":false}
{
  component: 'http',
  event: 'request_completed',
  requestId: 'ae8806b4-9238-4967-a1b9-81be990c6db6',
  methodClass: 'POST',
  durationMs: 13,
  statusCode: 201
}
{
  component: 'http',
  event: 'request_completed',
  requestId: 'ae2619c4-a798-4882-be41-664a3beeaed3',
  methodClass: 'POST',
  durationMs: 54,
  statusCode: 201
}
{
  component: 'http',
  event: 'request_completed',
  requestId: 'bc56ed3f-b513-4303-b699-d715e9f292b3',
  methodClass: 'POST',
  durationMs: 81,
  statusCode: 200
}
{
  component: 'http',
  event: 'request_completed',
  requestId: 'f3753078-610d-4618-a6dc-bfb101458604',
  methodClass: 'POST',
  durationMs: 113,
  statusCode: 201
}
{
  component: 'http',
  event: 'request_completed',
  requestId: 'd61b39bb-96aa-46d4-b6b8-5b1bbd0586b3',
  methodClass: 'POST',
  durationMs: 140,
  statusCode: 200
}
{
  component: 'http',
  event: 'request_completed',
  requestId: 'c84935d7-e885-4a9f-8451-3d8efe07d597',
  methodClass: 'POST',
  durationMs: 142,
  statusCode: 201
}
{
  component: 'http',
  event: 'request_completed',
  requestId: '1be3b3af-218e-4126-b6c5-9a119467808a',
  methodClass: 'POST',
  durationMs: 169,
  statusCode: 200
}
{
  component: 'http',
  event: 'request_completed',
  requestId: '8e299a16-5493-435f-91f6-e4728cb11898',
  methodClass: 'POST',
  durationMs: 39,
  statusCode: 201
}
{
  component: 'http',
  event: 'request_completed',
  requestId: '0c8d6b76-2119-417d-ae79-3edea401e36d',
  methodClass: 'POST',
  durationMs: 66,
  statusCode: 200
}
{
  component: 'http',
  event: 'request_completed',
  requestId: '5aa86857-2246-4331-8832-2b45f281541b',
  methodClass: 'POST',
  durationMs: 105,
  statusCode: 201
}
{
  component: 'http',
  event: 'request_completed',
  requestId: 'ac6aa607-3f50-49e0-b812-dc45c33ee6b5',
  methodClass: 'POST',
  durationMs: 133,
  statusCode: 200
}
{
  component: 'http',
  event: 'request_completed',
  requestId: 'ace80599-7ba1-48fd-b928-9aba85b3d41c',
  methodClass: 'POST',
  durationMs: 37,
  statusCode: 201
}
{
  component: 'http',
  event: 'request_completed',
  requestId: 'ed7d4e16-2deb-44ab-a290-b14cbaa43e1e',
  methodClass: 'POST',
  durationMs: 66,
  statusCode: 200
}
{
  component: 'http',
  event: 'request_completed',
  requestId: 'dfef73d8-9dd9-4457-95d8-f9f1e93fcfb4',
  methodClass: 'POST',
  durationMs: 99,
  statusCode: 201
}
{
  component: 'http',
  event: 'request_completed',
  requestId: 'abfec185-5a70-457d-91cc-af0ef4c9d00b',
  methodClass: 'POST',
  durationMs: 124,
  statusCode: 200
}
{
  component: 'http',
  event: 'request_completed',
  requestId: 'cdaa08b4-67ba-4a45-84aa-a6ebd8494e7c',
  methodClass: 'POST',
  durationMs: 144,
  statusCode: 201
}
{
  component: 'http',
  event: 'request_completed',
  requestId: 'bb6e4076-a1de-4299-b74d-94580c2757bb',
  methodClass: 'POST',
  durationMs: 162,
  statusCode: 200
}
{
  component: 'http',
  event: 'request_completed',
  requestId: '2cecf955-80db-430c-983e-7802b5aa9fcc',
  methodClass: 'POST',
  durationMs: 139,
  statusCode: 201
}
{
  component: 'http',
  event: 'request_completed',
  requestId: '6580246c-81c6-4eb5-845c-4174ca155594',
  methodClass: 'POST',
  durationMs: 164,
  statusCode: 200
}
{
  component: 'http',
  event: 'request_completed',
  requestId: 'd9d9d560-f5d6-4d14-a73f-068f8a0fc98b',
  methodClass: 'POST',
  durationMs: 35,
  statusCode: 201
}
{
  component: 'http',
  event: 'request_completed',
  requestId: '8ba2829c-a067-41c2-9405-0c8fc2e6acb7',
  methodClass: 'POST',
  durationMs: 63,
  statusCode: 200
}
{
  component: 'http',
  event: 'request_completed',
  requestId: 'f035c3c7-79f8-490a-9fe7-0349e52708fc',
  methodClass: 'POST',
  durationMs: 97,
  statusCode: 201
}
{
  component: 'http',
  event: 'request_completed',
  requestId: '57d28cf7-b97f-454a-8348-0fcdf7ff3e3c',
  methodClass: 'POST',
  durationMs: 126,
  statusCode: 200
}
{
  component: 'http',
  event: 'request_completed',
  requestId: '9f072039-3987-447b-810c-506d50b79992',
  methodClass: 'GET',
  durationMs: 3,
  statusCode: 200
}
{
  component: 'product_telemetry',
  event: 'aggregate_updated',
  eventClass: 'page_view',
  surface: 'paid',
  routeClass: 'paid_command_center',
  action: 'none',
  elapsedBucket: 'under_15s',
  count: 1
}
{
  component: 'http',
  event: 'request_completed',
  requestId: '88f4fc33-c247-44c3-99a9-61a220d2b792',
  methodClass: 'POST',
  durationMs: 1,
  statusCode: 202
}
{
  component: 'http',
  event: 'request_completed',
  requestId: '226acf0f-6745-4e39-9f8d-b148abc5893b',
  methodClass: 'GET',
  durationMs: 25,
  statusCode: 200
}
{
  component: 'http',
  event: 'request_completed',
  requestId: '84eddc0f-2fed-4ca5-a0d5-4ad28d3f5b16',
  methodClass: 'GET',
  durationMs: 3,
  statusCode: 200
}
{
  component: 'product_telemetry',
  event: 'aggregate_updated',
  eventClass: 'page_exit',
  surface: 'paid',
  routeClass: 'paid_command_center',
  action: 'none',
  elapsedBucket: 'under_15s',
  count: 1
}
{
  component: 'http',
  event: 'request_completed',
  requestId: '4fc154b4-64f7-4abe-ba46-d6c4d8d2fd17',
  methodClass: 'POST',
  durationMs: 2,
  statusCode: 202
}
{
  component: 'product_telemetry',
  event: 'aggregate_updated',
  eventClass: 'page_view',
  surface: 'paid',
  routeClass: 'paid_command_center',
  action: 'none',
  elapsedBucket: 'under_15s',
  count: 2
}
{
  component: 'http',
  event: 'request_completed',
  requestId: 'eab7545a-1d59-4950-bcfd-da526f7cb07b',
  methodClass: 'POST',
  durationMs: 1,
  statusCode: 202
}
{
  component: 'http',
  event: 'request_completed',
  requestId: '26102172-8751-4d9a-9178-621aafa75bdc',
  methodClass: 'GET',
  durationMs: 17,
  statusCode: 200
}
{
  component: 'http',
  event: 'request_completed',
  requestId: '320da5ce-78c0-43e6-94c0-691fe36840cb',
  methodClass: 'GET',
  durationMs: 4,
  statusCode: 200
}
{
  component: 'product_telemetry',
  event: 'aggregate_updated',
  eventClass: 'page_exit',
  surface: 'paid',
  routeClass: 'paid_command_center',
  action: 'none',
  elapsedBucket: 'under_15s',
  count: 2
}
{
  component: 'http',
  event: 'request_completed',
  requestId: '80fd3903-bae2-4c24-8938-5c4d6fd4d0e6',
  methodClass: 'POST',
  durationMs: 1,
  statusCode: 202
}
{
  component: 'product_telemetry',
  event: 'aggregate_updated',
  eventClass: 'page_view',
  surface: 'paid',
  routeClass: 'paid_command_center',
  action: 'none',
  elapsedBucket: 'under_15s',
  count: 3
}
{
  component: 'http',
  event: 'request_completed',
  requestId: '54da84cb-e8ca-43d5-91b7-fab2dad74ae1',
  methodClass: 'POST',
  durationMs: 1,
  statusCode: 202
}
{
  component: 'http',
  event: 'request_completed',
  requestId: 'f56ea256-b884-4943-b80a-991a81aefa31',
  methodClass: 'GET',
  durationMs: 16,
  statusCode: 200
}
{
  component: 'http',
  event: 'request_completed',
  requestId: '863c40b7-8324-4dd3-a4c4-03ccbeb1b051',
  methodClass: 'GET',
  durationMs: 16,
  statusCode: 200
}
{
  component: 'http',
  event: 'request_completed',
  requestId: 'dd76e000-ada0-4300-9ed9-d24e15bd9244',
  methodClass: 'GET',
  durationMs: 25,
  statusCode: 200
}
{
  component: 'http',
  event: 'request_completed',
  requestId: 'e7d423d5-6b59-4b9c-8bde-6f11a4f7648a',
  methodClass: 'GET',
  durationMs: 2,
  statusCode: 200
}
{
  component: 'http',
  event: 'request_completed',
  requestId: 'd126fd79-6577-436e-8347-c43a2827a972',
  methodClass: 'GET',
  durationMs: 16,
  statusCode: 200
}
{
  component: 'product_telemetry',
  event: 'aggregate_updated',
  eventClass: 'page_exit',
  surface: 'paid',
  routeClass: 'paid_command_center',
  action: 'none',
  elapsedBucket: 'under_15s',
  count: 3
}
{
  component: 'http',
  event: 'request_completed',
  requestId: '7941853f-bb7a-4497-897c-f152d936dec3',
  methodClass: 'POST',
  durationMs: 1,
  statusCode: 202
}
{
  component: 'product_telemetry',
  event: 'aggregate_updated',
  eventClass: 'page_view',
  surface: 'paid',
  routeClass: 'paid_command_center',
  action: 'none',
  elapsedBucket: 'under_15s',
  count: 4
}
{
  component: 'http',
  event: 'request_completed',
  requestId: '64d91d93-5edf-4d00-8275-e7445674cd24',
  methodClass: 'POST',
  durationMs: 1,
  statusCode: 202
}
{
  component: 'http',
  event: 'request_completed',
  requestId: 'df790152-6cd9-4add-a644-410b8cf18db7',
  methodClass: 'GET',
  durationMs: 2,
  statusCode: 401
}
{
  component: 'http',
  event: 'request_completed',
  requestId: '423afc2b-8e07-47bd-85da-dc13a194386c',
  methodClass: 'GET',
  durationMs: 26,
  statusCode: 200
}
{
  component: 'http',
  event: 'request_completed',
  requestId: 'c6834763-614e-4039-be38-98d36d7bfe7a',
  methodClass: 'POST',
  durationMs: 147,
  statusCode: 201
}
{
  component: 'http',
  event: 'request_completed',
  requestId: 'f7a0653d-cefb-482c-ac8f-7f343b39d2d7',
  methodClass: 'POST',
  durationMs: 160,
  statusCode: 200
}
{
  component: 'http',
  event: 'request_completed',
  requestId: 'a60315f2-0421-45dc-b083-750addb05765',
  methodClass: 'POST',
  durationMs: 130,
  statusCode: 201
}
{
  component: 'http',
  event: 'request_completed',
  requestId: '3ab166ee-51ce-43ae-af75-4e153bb256cb',
  methodClass: 'POST',
  durationMs: 160,
  statusCode: 200
}
{
  component: 'http',
  event: 'request_completed',
  requestId: 'd303c45f-36c7-4745-a73c-f72801d58286',
  methodClass: 'GET',
  durationMs: 16,
  statusCode: 200
}
{
  component: 'http',
  event: 'request_completed',
  requestId: '278866e5-80df-4fb3-974a-72a6f7d68d97',
  methodClass: 'GET',
  durationMs: 16,
  statusCode: 200
}
{
  component: 'http',
  event: 'request_completed',
  requestId: 'af5dd1bc-8dff-4a77-96b5-7e5c1ca460f0',
  methodClass: 'GET',
  durationMs: 3,
  statusCode: 200
}
{
  component: 'product_telemetry',
  event: 'aggregate_updated',
  eventClass: 'page_view',
  surface: 'paid',
  routeClass: 'paid_command_center',
  action: 'none',
  elapsedBucket: 'under_15s',
  count: 5
}
{
  component: 'http',
  event: 'request_completed',
  requestId: '5fc62bc6-82d0-4ba3-b247-1d55916af0b0',
  methodClass: 'POST',
  durationMs: 1,
  statusCode: 202
}
{
  component: 'http',
  event: 'request_completed',
  requestId: 'bad69e1b-b963-4d70-9a6b-d6a7e5bfaa03',
  methodClass: 'GET',
  durationMs: 3,
  statusCode: 200
}
{
  component: 'product_telemetry',
  event: 'aggregate_updated',
  eventClass: 'page_exit',
  surface: 'paid',
  routeClass: 'paid_command_center',
  action: 'none',
  elapsedBucket: 'under_15s',
  count: 4
}
{
  component: 'http',
  event: 'request_completed',
  requestId: '3b1791af-06e7-409e-ae88-ad2e1048e584',
  methodClass: 'POST',
  durationMs: 1,
  statusCode: 202
}
{
  component: 'product_telemetry',
  event: 'aggregate_updated',
  eventClass: 'page_view',
  surface: 'paid',
  routeClass: 'paid_command_center',
  action: 'none',
  elapsedBucket: 'under_15s',
  count: 6
}
{
  component: 'http',
  event: 'request_completed',
  requestId: '5969989c-2cb9-4c17-9206-acd12334948e',
  methodClass: 'POST',
  durationMs: 1,
  statusCode: 202
}
{
  component: 'http',
  event: 'request_completed',
  requestId: '88880a69-127b-49d9-a0a6-812bb49a4214',
  methodClass: 'GET',
  durationMs: 72,
  statusCode: 200
}
{"matrix":"webkit-mobile-light","version":"26.5","viewport":{"width":390,"height":844},"screenshots":12,"todayResponses":8,"externalCalls":0,"workerMutationNetwork":0,"browserErrors":[]}
