[DB] Migration applied: 001_initial_schema.sql
[DB] Migration applied: 002_seed_data.sql
[DB] Migration applied: 003_voice_sessions.sql
[DB] Migration applied: 004_canonical_persistence_v2.sql
[DB] Migration applied: 005_canonical_organization_authority.sql
[DB] Migration applied: 006_canonical_voice_sessions.sql
[DB] Migration applied: 007_canonical_tax_authority.sql
[DB] Migration applied: 008_canonical_demo_authority.sql
[DB] Migration applied: 009_canonical_voice_provider_identity.sql
[DB] Migration applied: 010_account_session_authority.sql
[DB] Migration applied: 011_oauth_authorization_states.sql
[DB] Migration applied: 012_account_verification_trial.sql
[DB] Migration applied: 015_workforce_authority.sql
[DB] Migration applied: 016_tenant_asset_catalogue.sql
[DB] Migration applied: 017_retell_webhook_replay_authority.sql
[DB] Migration applied: 018_canonical_map_preferences.sql
[DB] Migration applied: 019_account_email_outbox.sql
[DB] Migration applied: 020_canonical_workforce_access_roles.sql
[DB] Migration applied: 021_bounded_api_observability.sql
[DB] Migration applied: 022_demo_command_center_sessions.sql
[DB] Migration applied: 023_homepage_demo_admission.sql
[DB] Migration applied: 024_homepage_verified_purge_receipt.sql
[DB] Migration applied: 025_provider_agnostic_knowledge_registry.sql
[DB] Migration applied: 026_canonical_knowledge_review_publication.sql
[DB] Migration applied: 027_canonical_knowledge_audit_graph_authority.sql
[DB] Migration applied: 028_canonical_knowledge_immutable_lifecycle.sql
[DB] Migration applied: 029_canonical_knowledge_transactional_sync.sql
[DB] Migration applied: 030_canonical_knowledge_sync_revocation.sql
[DB] Migration applied: 031_canonical_knowledge_sync_recovery_lifecycle.sql
[DB] Migration applied: 032_canonical_schedule_assignment_authority.sql
[DB] Migration applied: 033_canonical_schedule_time_evidence.sql
[DB] Migration applied: 034_schedule_availability_conflict_authority.sql
[DB] Migration applied: 035_schedule_human_preview_approval.sql
[Simulations] Canonical graph committed: {"operationId":"0888c02b-219c-4f4f-9798-3af8f3d6667b","service":"plumbing","replayed":false}
{
  component: 'http',
  event: 'request_completed',
  requestId: '67487353-8341-4e1f-9e4d-67c515628323',
  methodClass: 'POST',
  durationMs: 49,
  statusCode: 201
}
[Simulations] Canonical graph committed: {"operationId":"35a67835-5780-4064-b2a6-e128a7f734df","service":"plumbing","replayed":false}
{
  component: 'http',
  event: 'request_completed',
  requestId: 'ccfb1ada-850a-474d-a3b4-a00ba5a136db',
  methodClass: 'POST',
  durationMs: 25,
  statusCode: 201
}
[Simulations] Canonical graph committed: {"operationId":"fd2c6496-4e04-447f-896a-5a8a6bad643f","service":"plumbing","replayed":false}
{
  component: 'http',
  event: 'request_completed',
  requestId: 'ce2d9a65-96de-4687-ad30-40b08454b108',
  methodClass: 'POST',
  durationMs: 15,
  statusCode: 201
}
[Simulations] Canonical graph committed: {"operationId":"1449d7d2-c549-49fb-aa5b-51e9fcb3c7e3","service":"plumbing","replayed":false}
{
  component: 'http',
  event: 'request_completed',
  requestId: '901ab6f3-b427-4fd5-baab-b8c05a65d510',
  methodClass: 'POST',
  durationMs: 14,
  statusCode: 201
}
[Simulations] Canonical graph committed: {"operationId":"257bb5f6-1dd4-4c30-a507-8b5bd2ee30df","service":"plumbing","replayed":false}
{
  component: 'http',
  event: 'request_completed',
  requestId: '6ffb5595-97d8-4b72-9ed0-b5c472635834',
  methodClass: 'POST',
  durationMs: 13,
  statusCode: 201
}
{
  component: 'http',
  event: 'request_completed',
  requestId: '723f254b-5b13-4b14-b62a-be76be087ff8',
  methodClass: 'POST',
  durationMs: 57,
  statusCode: 201
}
{
  component: 'http',
  event: 'request_completed',
  requestId: 'ab2952bf-67ae-4a3d-a8cc-0dfe753e30d2',
  methodClass: 'POST',
  durationMs: 81,
  statusCode: 200
}
{
  component: 'http',
  event: 'request_completed',
  requestId: '854ac0e0-cd18-4507-941f-00c916a848eb',
  methodClass: 'POST',
  durationMs: 112,
  statusCode: 201
}
{
  component: 'http',
  event: 'request_completed',
  requestId: 'cfb9e6f9-5db9-4a8c-bd21-0b47330d3f4a',
  methodClass: 'POST',
  durationMs: 143,
  statusCode: 200
}
{
  component: 'http',
  event: 'request_completed',
  requestId: '81e582d5-2d8c-4a0e-89b1-0c960255f50b',
  methodClass: 'POST',
  durationMs: 148,
  statusCode: 201
}
{
  component: 'http',
  event: 'request_completed',
  requestId: '4cefb036-e58e-4424-90ad-128661efa6e1',
  methodClass: 'POST',
  durationMs: 169,
  statusCode: 200
}
{
  component: 'http',
  event: 'request_completed',
  requestId: 'e0b73293-5d46-4c49-8ced-761ef5873694',
  methodClass: 'POST',
  durationMs: 39,
  statusCode: 201
}
{
  component: 'http',
  event: 'request_completed',
  requestId: 'ade95c78-9495-40e2-9823-d04872d4087c',
  methodClass: 'POST',
  durationMs: 70,
  statusCode: 200
}
{
  component: 'http',
  event: 'request_completed',
  requestId: '8aa482a1-24c3-456c-8d4e-00e8e81d5d14',
  methodClass: 'POST',
  durationMs: 112,
  statusCode: 201
}
{
  component: 'http',
  event: 'request_completed',
  requestId: '63922484-4a2f-49fe-9708-b83b5b95178c',
  methodClass: 'POST',
  durationMs: 144,
  statusCode: 200
}
{
  component: 'http',
  event: 'request_completed',
  requestId: 'afbc1268-0337-4983-b142-472c30c61687',
  methodClass: 'POST',
  durationMs: 40,
  statusCode: 201
}
{
  component: 'http',
  event: 'request_completed',
  requestId: '25402aa9-d665-4dc7-90a4-309d6351e1db',
  methodClass: 'POST',
  durationMs: 67,
  statusCode: 200
}
{
  component: 'http',
  event: 'request_completed',
  requestId: '026a86ab-5e9b-479f-9c05-5e5da4d7a5c7',
  methodClass: 'POST',
  durationMs: 100,
  statusCode: 201
}
{
  component: 'http',
  event: 'request_completed',
  requestId: '07ce1fcf-7d7c-4dd3-9ca7-9e5559310eef',
  methodClass: 'POST',
  durationMs: 127,
  statusCode: 200
}
{
  component: 'http',
  event: 'request_completed',
  requestId: 'dd55223d-8834-4841-a630-471b534fe428',
  methodClass: 'POST',
  durationMs: 136,
  statusCode: 201
}
{
  component: 'http',
  event: 'request_completed',
  requestId: '942119b2-0c3b-4f49-b461-ed3331c14d50',
  methodClass: 'POST',
  durationMs: 162,
  statusCode: 200
}
{
  component: 'http',
  event: 'request_completed',
  requestId: '205c284e-0380-4787-9ad4-fba2ef74ffc7',
  methodClass: 'POST',
  durationMs: 136,
  statusCode: 201
}
{
  component: 'http',
  event: 'request_completed',
  requestId: '2220ce0a-2b15-49b9-8c93-4e7d6638cc72',
  methodClass: 'POST',
  durationMs: 163,
  statusCode: 200
}
{
  component: 'http',
  event: 'request_completed',
  requestId: '1b1a0736-b5ad-416b-b3c2-45d59c774326',
  methodClass: 'POST',
  durationMs: 34,
  statusCode: 201
}
{
  component: 'http',
  event: 'request_completed',
  requestId: '2fa843f1-443a-4438-8a42-9e8a0ff4352b',
  methodClass: 'POST',
  durationMs: 61,
  statusCode: 200
}
{
  component: 'http',
  event: 'request_completed',
  requestId: '8ecd3645-4f9e-45c6-abe9-36c3605462de',
  methodClass: 'POST',
  durationMs: 98,
  statusCode: 201
}
{
  component: 'http',
  event: 'request_completed',
  requestId: 'c1bcfbf7-df08-4b44-8b7c-81c493c3f4f5',
  methodClass: 'POST',
  durationMs: 129,
  statusCode: 200
}
{
  component: 'http',
  event: 'request_completed',
  requestId: 'df0d2582-a7a3-424a-958b-1aa126d9f8ec',
  methodClass: 'GET',
  durationMs: 21,
  statusCode: 200
}
{
  component: 'http',
  event: 'request_completed',
  requestId: '267d699e-bf33-4fa0-8353-eb5e3b80fa5c',
  methodClass: 'GET',
  durationMs: 3,
  statusCode: 200
}
{
  component: 'product_telemetry',
  event: 'aggregate_updated',
  eventClass: 'page_view',
  surface: 'paid',
  routeClass: 'paid_command_center',
  action: 'none',
  elapsedBucket: 'under_15s',
  count: 1
}
{
  component: 'http',
  event: 'request_completed',
  requestId: '50cd2d45-1ae6-4989-9daf-2d8ae68b4814',
  methodClass: 'POST',
  durationMs: 2,
  statusCode: 202
}
{
  component: 'http',
  event: 'request_completed',
  requestId: 'a0b0791d-00bc-4204-8c35-9fd5da999a8c',
  methodClass: 'GET',
  durationMs: 4,
  statusCode: 200
}
{
  component: 'product_telemetry',
  event: 'aggregate_updated',
  eventClass: 'page_exit',
  surface: 'paid',
  routeClass: 'paid_command_center',
  action: 'none',
  elapsedBucket: 'under_15s',
  count: 1
}
{
  component: 'http',
  event: 'request_completed',
  requestId: 'e1b28d4c-2e82-4bbc-b9e0-10f09cf0e878',
  methodClass: 'POST',
  durationMs: 2,
  statusCode: 202
}
{
  component: 'product_telemetry',
  event: 'aggregate_updated',
  eventClass: 'page_view',
  surface: 'paid',
  routeClass: 'paid_command_center',
  action: 'none',
  elapsedBucket: 'under_15s',
  count: 2
}
{
  component: 'http',
  event: 'request_completed',
  requestId: '12ab5ba9-0c98-43a1-8580-cce060c1d380',
  methodClass: 'POST',
  durationMs: 0,
  statusCode: 202
}
{
  component: 'http',
  event: 'request_completed',
  requestId: '59238083-634d-4987-8a0e-391df33d6532',
  methodClass: 'GET',
  durationMs: 17,
  statusCode: 200
}
{
  component: 'http',
  event: 'request_completed',
  requestId: 'f711fb95-aa8f-469f-8712-f5bf91d45f69',
  methodClass: 'GET',
  durationMs: 5,
  statusCode: 200
}
{
  component: 'product_telemetry',
  event: 'aggregate_updated',
  eventClass: 'page_exit',
  surface: 'paid',
  routeClass: 'paid_command_center',
  action: 'none',
  elapsedBucket: 'under_15s',
  count: 2
}
{
  component: 'http',
  event: 'request_completed',
  requestId: '485e8b1d-47c8-4b3c-a370-e99aa4727d90',
  methodClass: 'POST',
  durationMs: 1,
  statusCode: 202
}
{
  component: 'product_telemetry',
  event: 'aggregate_updated',
  eventClass: 'page_view',
  surface: 'paid',
  routeClass: 'paid_command_center',
  action: 'none',
  elapsedBucket: 'under_15s',
  count: 3
}
{
  component: 'http',
  event: 'request_completed',
  requestId: 'd6f4b878-69f0-4ecc-9037-928918daa882',
  methodClass: 'POST',
  durationMs: 0,
  statusCode: 202
}
{
  component: 'http',
  event: 'request_completed',
  requestId: '61d38d08-0632-44fb-8998-0bee2bcaf5c6',
  methodClass: 'GET',
  durationMs: 18,
  statusCode: 200
}
{
  component: 'http',
  event: 'request_completed',
  requestId: 'd51145fb-4d77-4a35-9585-bd16ea42bd7b',
  methodClass: 'GET',
  durationMs: 16,
  statusCode: 200
}
{
  component: 'http',
  event: 'request_completed',
  requestId: 'b19acb02-558b-4286-ae61-315458e8859d',
  methodClass: 'GET',
  durationMs: 17,
  statusCode: 200
}
{
  component: 'http',
  event: 'request_completed',
  requestId: 'c45c3db3-e452-4661-ab21-4eb9efee9716',
  methodClass: 'GET',
  durationMs: 4,
  statusCode: 200
}
{
  component: 'http',
  event: 'request_completed',
  requestId: '04381cc7-2fbc-4cbd-bec5-25069d0406e7',
  methodClass: 'GET',
  durationMs: 19,
  statusCode: 200
}
{
  component: 'product_telemetry',
  event: 'aggregate_updated',
  eventClass: 'page_exit',
  surface: 'paid',
  routeClass: 'paid_command_center',
  action: 'none',
  elapsedBucket: 'under_15s',
  count: 3
}
{
  component: 'http',
  event: 'request_completed',
  requestId: 'a87c67b5-f254-4378-9812-6ff19cab4ddb',
  methodClass: 'POST',
  durationMs: 0,
  statusCode: 202
}
{
  component: 'product_telemetry',
  event: 'aggregate_updated',
  eventClass: 'page_view',
  surface: 'paid',
  routeClass: 'paid_command_center',
  action: 'none',
  elapsedBucket: 'under_15s',
  count: 4
}
{
  component: 'http',
  event: 'request_completed',
  requestId: '5db80018-e087-4196-8d04-4895c043ad70',
  methodClass: 'POST',
  durationMs: 1,
  statusCode: 202
}
{
  component: 'http',
  event: 'request_completed',
  requestId: '12f3626d-b8d9-47c0-b3af-900b3b97387c',
  methodClass: 'GET',
  durationMs: 3,
  statusCode: 401
}
{
  component: 'http',
  event: 'request_completed',
  requestId: 'c06c03f4-2703-4712-b717-4f7a8d754392',
  methodClass: 'GET',
  durationMs: 18,
  statusCode: 200
}
{
  component: 'http',
  event: 'request_completed',
  requestId: '04b4f833-d2ed-4317-96b2-993a3d29bb24',
  methodClass: 'POST',
  durationMs: 133,
  statusCode: 201
}
{
  component: 'http',
  event: 'request_completed',
  requestId: '17d8eeaf-00b0-485e-bb8c-389155f0b454',
  methodClass: 'POST',
  durationMs: 154,
  statusCode: 200
}
{
  component: 'http',
  event: 'request_completed',
  requestId: '518df895-1f3c-4c56-a987-9ac6e72ec55f',
  methodClass: 'POST',
  durationMs: 126,
  statusCode: 201
}
{
  component: 'http',
  event: 'request_completed',
  requestId: 'e3f291f3-d09e-4e1c-984f-0d63231f6989',
  methodClass: 'POST',
  durationMs: 153,
  statusCode: 200
}
{
  component: 'http',
  event: 'request_completed',
  requestId: '0b0afed3-41fd-4ea8-bfec-40977761aa61',
  methodClass: 'GET',
  durationMs: 17,
  statusCode: 200
}
{
  component: 'http',
  event: 'request_completed',
  requestId: '85ff88cb-374c-4bee-95a4-fcdbf146bdd9',
  methodClass: 'GET',
  durationMs: 20,
  statusCode: 200
}
{
  component: 'http',
  event: 'request_completed',
  requestId: '1e0314e8-cbae-4f76-ac58-90d803c74b9d',
  methodClass: 'GET',
  durationMs: 5,
  statusCode: 200
}
{
  component: 'product_telemetry',
  event: 'aggregate_updated',
  eventClass: 'page_view',
  surface: 'paid',
  routeClass: 'paid_command_center',
  action: 'none',
  elapsedBucket: 'under_15s',
  count: 5
}
{
  component: 'http',
  event: 'request_completed',
  requestId: '37312731-c3b3-4de4-a323-d2a90de7d193',
  methodClass: 'POST',
  durationMs: 1,
  statusCode: 202
}
{
  component: 'http',
  event: 'request_completed',
  requestId: '1bcb690d-bf52-41be-96d0-098d1a4d7038',
  methodClass: 'GET',
  durationMs: 4,
  statusCode: 200
}
{
  component: 'product_telemetry',
  event: 'aggregate_updated',
  eventClass: 'page_exit',
  surface: 'paid',
  routeClass: 'paid_command_center',
  action: 'none',
  elapsedBucket: 'under_15s',
  count: 4
}
{
  component: 'http',
  event: 'request_completed',
  requestId: '50b12e3e-a94d-46f0-a09a-e945ef08cbec',
  methodClass: 'POST',
  durationMs: 0,
  statusCode: 202
}
{
  component: 'product_telemetry',
  event: 'aggregate_updated',
  eventClass: 'page_view',
  surface: 'paid',
  routeClass: 'paid_command_center',
  action: 'none',
  elapsedBucket: 'under_15s',
  count: 6
}
{
  component: 'http',
  event: 'request_completed',
  requestId: '71faebf0-1f13-4b19-8012-0f4b25bf3649',
  methodClass: 'POST',
  durationMs: 1,
  statusCode: 202
}
{
  component: 'http',
  event: 'request_completed',
  requestId: '5eebfea4-1eb7-443f-b396-7645b670b7fe',
  methodClass: 'GET',
  durationMs: 90,
  statusCode: 200
}
{"matrix":"chrome-mobile-light","version":"151.0.7922.173","viewport":{"width":390,"height":844},"screenshots":12,"todayResponses":8,"externalCalls":0,"workerMutationNetwork":0,"browserErrors":[]}
