✔ default120: no non-payroll acquisition, no distributions; all ledgers and annual totals reconcile (318.8213ms)
✔ zero customers: independent $10k minus120*$300; month34 negative (69.8174ms)
✔ two Starter full160 minutes: independent approved unit economics -62.128 (5.183ms)
✔ flat additions with churn maintain100 paying businesses (11.2334ms)
✔ assisted close share survives market adjustment:12*.25/12=.25FTE (5.1928ms)
✔ already-employed team continues payroll below150 after customer decline (7.3762ms)
✔ first employment below150 remains ineligible (2.2958ms)
✔ 150 eligibility does not mandate a hire with no workload need (4.6063ms)
✔ approval plus lead time; full payroll at start; productivity50/75/100% (5.4671ms)
✔ explicit employment end date stops payroll and capacity, not revenue threshold (5.1285ms)
✔ zero founder management allocation does not grant free line management (3.2412ms)
✔ unauthorized/invalid ownership and units fail closed; zero safely undefined (14.3755ms)
✔ founder-proposed25k1% derives2.5M post and2.475M pre;50k fixed ownership changes valuation (5.6901ms)
✔ saved3.3 explicit10% and50% monthly policy survive migration; reset uses new defaults (1.9561ms)
✔ configured campaign starts only chosen month; unset date disables spend (8.8535ms)
✔ $1000 marketing plus$200 support are present once in reconciled cost groups (2.9133ms)
✔ market pack opens opportunity but does not multiply10 target customers (3.2847ms)
✔ aggregate target allocates channels; bottom-up channels add distinct pipelines (5.209ms)
✔ 9400 trials are940 potential payers at10%;9400 demand is a distinct scenario; loss not backlog (11.6644ms)
✔ self-service survives assisted onboarding shortage but shared support remains binding (7.7667ms)
✔ pre150 capacity trap shows unmet demand without inventing early hires (42.203ms)
✔ gradual5000/month target is allowed later, not default or immediate proven demand (854.9591ms)
✔ explicit$10k company-wide distribution pays100 investor9900 founder and10000 total (3.6211ms)
✔ bank100k minus20k tax earmark30k reserve10k contingency gives40k capacity without payment (5.7824ms)
✔ restricted company cash stays in bank; no distribution of initial investment as earnings (2.6846ms)
✔ accumulated eligible earnings include prior losses; periodic distribution not limited to current profit (8.8904ms)
✔ unconfigured taxes prohibit distribution projection unless explicitly opted provisional (4.0186ms)
✔ tax provision is an earmark not cash payment; distributions reduce earnings once (4.4758ms)
✔ low cash constrains distributions by gross forward reserve (4.7582ms)
✔ post-gap recovery remains unfinanceable and cannot distribute without resolved financing (8.2244ms)
✔ investor distributions continue after cash recovery (7.6626ms)
✔ month120 reserve includes explicit month121+ commitments (56.4843ms)
✔ unaffordable upcoming hires show funding requirement and reserve rather than fictional bridge (5.4699ms)
✔ annual prepay preserves monthly revenue134.1 and collections1609.2 only at renewal (9.0577ms)
✔ CSV precise fields match canonical monthly result with no rounded-cell totals (26.006ms)
✔ seeded simulation reproduces and active acquisition/support-cost multipliers change results (1221.8999ms)
✔ offline worker contains exact canonical inline engine and distribution eligibility (3.8147ms)
✔ 20k tax payment consumes20k unprovided earnings, or releases prior20k provision without second deduction (5.0166ms)
✔ actual-month financial and customer locks survive changed future target; unsupported earnings history stays unavailable (20.4634ms)
✔ referrals use lagged businesses, not same-month recursive new payers, and rewards are variable once (3.0594ms)
✔ surge9400 paying demand records purchased capacity and immediate cash assumptions (6.0475ms)
✔ explicit saved-style reserve-only scenario protects15k within25k without an expense (2.6689ms)
✔ attorney earmark may exceed funding: warn, retain bank identity, do not silently clip (57.3037ms)
✔ opening attorney expense consumes cash and reserve once and remains an earnings loss (3.3393ms)
✔ dated attorney invoice is one-time operating expense and releases matching earmark once (3.8639ms)
✔ attorney commitments beyond120 remain protected without duplicate forward protection (57.9112ms)
✔ saved attorney values are preserved and absent legacy reserve is not silently added (2.9059ms)
✔ new forecast prelaunch15k expense leaves10k opening bank, no legal hold, then9700 at zero activity (2.8643ms)
✔ forecast prelaunch startup loss protects investment from later10k operating profit (2.6362ms)
✔ old frozen reserve-only and explicit actual saved scenarios never acquire a forecast opening payment (4.9205ms)
✔ locked actual history ignores even an explicit forecast opening payment without remapping actual cost (10.3223ms)
ℹ tests 51
ℹ suites 0
ℹ pass 51
ℹ fail 0
ℹ cancelled 0
ℹ skipped 0
ℹ todo 0
ℹ duration_ms 3267.7957
