[DB] Migration applied: 001_initial_schema.sql
[DB] Migration applied: 002_seed_data.sql
[DB] Migration applied: 003_voice_sessions.sql
[DB] Migration applied: 004_canonical_persistence_v2.sql
[DB] Migration applied: 005_canonical_organization_authority.sql
[DB] Migration applied: 006_canonical_voice_sessions.sql
[DB] Migration applied: 007_canonical_tax_authority.sql
[DB] Migration applied: 008_canonical_demo_authority.sql
[DB] Migration applied: 009_canonical_voice_provider_identity.sql
[DB] Migration applied: 010_account_session_authority.sql
[DB] Migration applied: 011_oauth_authorization_states.sql
[DB] Migration applied: 012_account_verification_trial.sql
[DB] Migration applied: 015_workforce_authority.sql
[DB] Migration applied: 016_tenant_asset_catalogue.sql
[DB] Migration applied: 017_retell_webhook_replay_authority.sql
[DB] Migration applied: 018_canonical_map_preferences.sql
[DB] Migration applied: 019_account_email_outbox.sql
[DB] Migration applied: 020_canonical_workforce_access_roles.sql
[DB] Migration applied: 021_bounded_api_observability.sql
[DB] Migration applied: 022_demo_command_center_sessions.sql
[DB] Migration applied: 023_homepage_demo_admission.sql
[DB] Migration applied: 024_homepage_verified_purge_receipt.sql
[DB] Migration applied: 025_provider_agnostic_knowledge_registry.sql
[DB] Migration applied: 026_canonical_knowledge_review_publication.sql
[DB] Migration applied: 027_canonical_knowledge_audit_graph_authority.sql
[DB] Migration applied: 028_canonical_knowledge_immutable_lifecycle.sql
[DB] Migration applied: 029_canonical_knowledge_transactional_sync.sql
[DB] Migration applied: 030_canonical_knowledge_sync_revocation.sql
[DB] Migration applied: 031_canonical_knowledge_sync_recovery_lifecycle.sql
[DB] Migration applied: 032_canonical_schedule_assignment_authority.sql
[DB] Migration applied: 033_canonical_schedule_time_evidence.sql
[DB] Migration applied: 034_schedule_availability_conflict_authority.sql
[DB] Migration applied: 035_schedule_human_preview_approval.sql
[Simulations] Canonical graph committed: {"operationId":"f5567c93-287e-4ff4-bfb2-2e1a2390c8df","service":"plumbing","replayed":false}
{
  component: 'http',
  event: 'request_completed',
  requestId: 'ab55b252-84e3-49f9-8786-32b7c977047f',
  methodClass: 'POST',
  durationMs: 39,
  statusCode: 201
}
[Simulations] Canonical graph committed: {"operationId":"fbb84c65-a0fc-47cd-af3d-a1707c1475b6","service":"plumbing","replayed":false}
{
  component: 'http',
  event: 'request_completed',
  requestId: '2959c2b6-4497-499d-8ec2-9b28855f2dff',
  methodClass: 'POST',
  durationMs: 25,
  statusCode: 201
}
[Simulations] Canonical graph committed: {"operationId":"3a4d66b5-93c0-49e3-af46-8f305e8c65db","service":"plumbing","replayed":false}
{
  component: 'http',
  event: 'request_completed',
  requestId: '8c042320-8c97-4439-b898-510dd2879297',
  methodClass: 'POST',
  durationMs: 15,
  statusCode: 201
}
[Simulations] Canonical graph committed: {"operationId":"d853a635-52a9-4be9-b77a-87f8bd8f757c","service":"plumbing","replayed":false}
{
  component: 'http',
  event: 'request_completed',
  requestId: 'ab747446-2c5e-4a18-bd6b-141265f3fb33',
  methodClass: 'POST',
  durationMs: 14,
  statusCode: 201
}
[Simulations] Canonical graph committed: {"operationId":"0c2df090-9f81-4366-9de5-b3f628524b0e","service":"plumbing","replayed":false}
{
  component: 'http',
  event: 'request_completed',
  requestId: 'c3ea8176-310d-4b8e-8b93-83906e4c7f36',
  methodClass: 'POST',
  durationMs: 13,
  statusCode: 201
}
{
  component: 'http',
  event: 'request_completed',
  requestId: 'd64bd32b-a0b0-4627-adbd-1a8e558c6700',
  methodClass: 'POST',
  durationMs: 60,
  statusCode: 201
}
{
  component: 'http',
  event: 'request_completed',
  requestId: '879eebdf-bdd4-49b3-a42d-6b955cac8948',
  methodClass: 'POST',
  durationMs: 88,
  statusCode: 200
}
{
  component: 'http',
  event: 'request_completed',
  requestId: '6b11e607-c5ec-401a-b0ae-0ddccf3d7b16',
  methodClass: 'POST',
  durationMs: 120,
  statusCode: 201
}
{
  component: 'http',
  event: 'request_completed',
  requestId: 'c88ddfc9-f03b-4619-9c7e-232b29e67ff4',
  methodClass: 'POST',
  durationMs: 164,
  statusCode: 200
}
{
  component: 'http',
  event: 'request_completed',
  requestId: '6f4cf959-6f0e-4c57-8400-c9fe4b56ff50',
  methodClass: 'POST',
  durationMs: 149,
  statusCode: 201
}
{
  component: 'http',
  event: 'request_completed',
  requestId: '845a13ee-004f-4928-97a7-2bb4d169e747',
  methodClass: 'POST',
  durationMs: 177,
  statusCode: 200
}
{
  component: 'http',
  event: 'request_completed',
  requestId: '661b735d-9283-425a-8ba8-b66ba658fd43',
  methodClass: 'POST',
  durationMs: 45,
  statusCode: 201
}
{
  component: 'http',
  event: 'request_completed',
  requestId: '842999da-5673-4d9a-9bda-e215e5747d08',
  methodClass: 'POST',
  durationMs: 74,
  statusCode: 200
}
{
  component: 'http',
  event: 'request_completed',
  requestId: '80b50262-320b-41d1-ac5a-118c20605cc8',
  methodClass: 'POST',
  durationMs: 112,
  statusCode: 201
}
{
  component: 'http',
  event: 'request_completed',
  requestId: 'fc496a92-c8cb-49b4-a1b1-672ea5232ec2',
  methodClass: 'POST',
  durationMs: 144,
  statusCode: 200
}
{
  component: 'http',
  event: 'request_completed',
  requestId: '222aa3cf-45d8-42de-bce4-be94cf0af13d',
  methodClass: 'POST',
  durationMs: 41,
  statusCode: 201
}
{
  component: 'http',
  event: 'request_completed',
  requestId: '1a57beff-4047-44a7-a3be-e8857ac18e7d',
  methodClass: 'POST',
  durationMs: 71,
  statusCode: 200
}
{
  component: 'http',
  event: 'request_completed',
  requestId: 'f5315db9-decf-45e0-8200-5f4bcff757d8',
  methodClass: 'POST',
  durationMs: 110,
  statusCode: 201
}
{
  component: 'http',
  event: 'request_completed',
  requestId: 'ed41f179-5d20-4e5a-812e-75c32a4b4547',
  methodClass: 'POST',
  durationMs: 203,
  statusCode: 200
}
{
  component: 'http',
  event: 'request_completed',
  requestId: '4bb806c4-16c1-41a8-bdba-7eb950e73772',
  methodClass: 'POST',
  durationMs: 261,
  statusCode: 201
}
{
  component: 'http',
  event: 'request_completed',
  requestId: '0e4c9e2b-422b-44e5-9d25-41c878934376',
  methodClass: 'POST',
  durationMs: 204,
  statusCode: 200
}
{
  component: 'http',
  event: 'request_completed',
  requestId: '9c28ef41-ae11-463b-9ae7-7129eb33f311',
  methodClass: 'POST',
  durationMs: 144,
  statusCode: 201
}
{
  component: 'http',
  event: 'request_completed',
  requestId: '6e5fef6b-3f30-4dc2-96c5-43d5b2dcc7e2',
  methodClass: 'POST',
  durationMs: 180,
  statusCode: 200
}
{
  component: 'http',
  event: 'request_completed',
  requestId: '0fef81c6-6de0-4214-9b91-bc3729c1104b',
  methodClass: 'POST',
  durationMs: 81,
  statusCode: 201
}
{
  component: 'http',
  event: 'request_completed',
  requestId: 'f6d1878c-b87f-4797-9281-e933fc5fd2d4',
  methodClass: 'POST',
  durationMs: 88,
  statusCode: 200
}
{
  component: 'http',
  event: 'request_completed',
  requestId: '4d1eefa5-3c91-4dfd-a366-15aa1d54c546',
  methodClass: 'POST',
  durationMs: 98,
  statusCode: 201
}
{
  component: 'http',
  event: 'request_completed',
  requestId: '663126d8-0bcb-43cb-b9ed-326ef91e5de1',
  methodClass: 'POST',
  durationMs: 190,
  statusCode: 200
}
{
  component: 'http',
  event: 'request_completed',
  requestId: '739eef81-7032-4d6d-98e5-81f19717e067',
  methodClass: 'GET',
  durationMs: 96,
  statusCode: 200
}
{
  component: 'http',
  event: 'request_completed',
  requestId: '45509015-4b65-4503-be91-f19a25579471',
  methodClass: 'GET',
  durationMs: 33,
  statusCode: 200
}
{
  component: 'http',
  event: 'request_completed',
  requestId: '7b28027a-0c90-4cc8-833b-d7ebf2174e22',
  methodClass: 'POST',
  durationMs: 3,
  statusCode: 200
}
{
  component: 'product_telemetry',
  event: 'aggregate_updated',
  eventClass: 'page_view',
  surface: 'public',
  routeClass: 'login',
  action: 'none',
  elapsedBucket: 'under_15s',
  count: 1
}
{
  component: 'http',
  event: 'request_completed',
  requestId: '9e7a4adc-908c-4a87-b40d-218cea66a182',
  methodClass: 'POST',
  durationMs: 2,
  statusCode: 202
}
{
  component: 'http',
  event: 'request_completed',
  requestId: 'a4eae71e-c338-478f-8328-1289a2c41011',
  methodClass: 'GET',
  durationMs: 26,
  statusCode: 200
}
{
  component: 'http',
  event: 'request_completed',
  requestId: '61f09679-6249-4686-8057-473d4548fdc5',
  methodClass: 'GET',
  durationMs: 35,
  statusCode: 200
}
{
  component: 'http',
  event: 'request_completed',
  requestId: '2eb622ed-c008-498c-ad66-374e94705385',
  methodClass: 'GET',
  durationMs: 18,
  statusCode: 200
}
{
  component: 'http',
  event: 'request_completed',
  requestId: '0f012fd7-4f02-494a-adba-b08c9ccdfe12',
  methodClass: 'GET',
  durationMs: 31,
  statusCode: 200
}
{
  component: 'http',
  event: 'request_completed',
  requestId: '9ed98c52-2bd9-4a4b-a89f-4d08c6088de1',
  methodClass: 'GET',
  durationMs: 56,
  statusCode: 200
}
{
  component: 'http',
  event: 'request_completed',
  requestId: 'e0aaf98b-22ff-4071-a304-598289dbe833',
  methodClass: 'GET',
  durationMs: 3,
  statusCode: 401
}
{
  component: 'http',
  event: 'request_completed',
  requestId: '69d01761-79f4-445a-bdd7-4ee5d264e547',
  methodClass: 'GET',
  durationMs: 28,
  statusCode: 200
}
{
  component: 'http',
  event: 'request_completed',
  requestId: 'a53a6fc9-e50e-4901-a950-793622b86da2',
  methodClass: 'POST',
  durationMs: 213,
  statusCode: 201
}
{
  component: 'http',
  event: 'request_completed',
  requestId: '807db3dd-7583-442a-9606-7c3e9540cb7e',
  methodClass: 'POST',
  durationMs: 341,
  statusCode: 200
}
{
  component: 'http',
  event: 'request_completed',
  requestId: '6f0d59df-8dec-421a-b251-6cf0e19f28fe',
  methodClass: 'POST',
  durationMs: 218,
  statusCode: 201
}
{
  component: 'http',
  event: 'request_completed',
  requestId: '46b02101-6ddf-4b0b-bf60-5d222bd7cba5',
  methodClass: 'POST',
  durationMs: 269,
  statusCode: 200
}
{
  component: 'http',
  event: 'request_completed',
  requestId: 'ee1a3040-06da-4ea4-855a-907cf6666728',
  methodClass: 'GET',
  durationMs: 31,
  statusCode: 200
}
{
  component: 'http',
  event: 'request_completed',
  requestId: '8be23bc8-b987-4eae-bd06-67dddd8a7bf2',
  methodClass: 'GET',
  durationMs: 26,
  statusCode: 200
}
{
  component: 'http',
  event: 'request_completed',
  requestId: '367c27b7-d560-46a1-9a47-e2cf42611f29',
  methodClass: 'GET',
  durationMs: 3,
  statusCode: 200
}
{
  component: 'product_telemetry',
  event: 'aggregate_updated',
  eventClass: 'page_view',
  surface: 'paid',
  routeClass: 'paid_command_center',
  action: 'none',
  elapsedBucket: 'under_15s',
  count: 1
}
{
  component: 'http',
  event: 'request_completed',
  requestId: 'c9d27940-6041-4794-8054-4739abc77976',
  methodClass: 'POST',
  durationMs: 2,
  statusCode: 202
}
{
  component: 'http',
  event: 'request_completed',
  requestId: 'a5b5322a-d5cb-4f69-a63e-a5f5ddd6c963',
  methodClass: 'GET',
  durationMs: 79,
  statusCode: 200
}
{"matrix":"webkit-desktop-dark","version":"26.5","viewport":{"width":1280,"height":900},"fixtureTenantTimeZone":"America/Anchorage","fixtureReferenceInstant":"2026-08-28T09:09:54.519Z","screenshots":12,"todayResponses":8,"employeeNetworkDestinations":["/api/v1/today","/assets/logo.png","/css/demo-dashboard.css","/css/homepage-refresh.css","/css/site-professionalism.css","/css/style.css","/css/today.css","/dashboard/today","/js/theme.js","/js/today-page.js","/js/today-shell.js"],"employeeResponseInventory":50,"externalCalls":0,"workerMutationNetwork":0,"browserErrors":[]}
