[DB] Migration applied: 001_initial_schema.sql
[DB] Migration applied: 002_seed_data.sql
[DB] Migration applied: 003_voice_sessions.sql
[DB] Migration applied: 004_canonical_persistence_v2.sql
[DB] Migration applied: 005_canonical_organization_authority.sql
[DB] Migration applied: 006_canonical_voice_sessions.sql
[DB] Migration applied: 007_canonical_tax_authority.sql
[DB] Migration applied: 008_canonical_demo_authority.sql
[DB] Migration applied: 009_canonical_voice_provider_identity.sql
[DB] Migration applied: 010_account_session_authority.sql
[DB] Migration applied: 011_oauth_authorization_states.sql
[DB] Migration applied: 012_account_verification_trial.sql
[DB] Migration applied: 015_workforce_authority.sql
[DB] Migration applied: 016_tenant_asset_catalogue.sql
[DB] Migration applied: 017_retell_webhook_replay_authority.sql
[DB] Migration applied: 018_canonical_map_preferences.sql
[DB] Migration applied: 019_account_email_outbox.sql
[DB] Migration applied: 020_canonical_workforce_access_roles.sql
[DB] Migration applied: 021_bounded_api_observability.sql
[DB] Migration applied: 022_demo_command_center_sessions.sql
[DB] Migration applied: 023_homepage_demo_admission.sql
[DB] Migration applied: 024_homepage_verified_purge_receipt.sql
[DB] Migration applied: 025_provider_agnostic_knowledge_registry.sql
[DB] Migration applied: 026_canonical_knowledge_review_publication.sql
[DB] Migration applied: 027_canonical_knowledge_audit_graph_authority.sql
[DB] Migration applied: 028_canonical_knowledge_immutable_lifecycle.sql
[DB] Migration applied: 029_canonical_knowledge_transactional_sync.sql
[DB] Migration applied: 030_canonical_knowledge_sync_revocation.sql
[DB] Migration applied: 031_canonical_knowledge_sync_recovery_lifecycle.sql
[DB] Migration applied: 032_canonical_schedule_assignment_authority.sql
[DB] Migration applied: 033_canonical_schedule_time_evidence.sql
[DB] Migration applied: 034_schedule_availability_conflict_authority.sql
[DB] Migration applied: 035_schedule_human_preview_approval.sql
[Simulations] Canonical graph committed: {"operationId":"31999d5b-eef5-4ee9-ba1f-b98146b78bc3","service":"plumbing","replayed":false}
{
  component: 'http',
  event: 'request_completed',
  requestId: '6a3f8984-8599-4727-98ca-1eb2ecdd7fcc',
  methodClass: 'POST',
  durationMs: 39,
  statusCode: 201
}
[Simulations] Canonical graph committed: {"operationId":"a5ff78e4-bdf5-475b-9b0e-686fed2682c9","service":"plumbing","replayed":false}
{
  component: 'http',
  event: 'request_completed',
  requestId: 'fecd148e-7311-48ce-a123-dd9121ee2ec2',
  methodClass: 'POST',
  durationMs: 24,
  statusCode: 201
}
[Simulations] Canonical graph committed: {"operationId":"df8bb32b-9f6e-4077-ab1d-3ade78504bc7","service":"plumbing","replayed":false}
{
  component: 'http',
  event: 'request_completed',
  requestId: 'b3852472-6f68-4431-a4df-22155ccc5fe0',
  methodClass: 'POST',
  durationMs: 14,
  statusCode: 201
}
[Simulations] Canonical graph committed: {"operationId":"de67bd52-b296-4762-bf02-61faeff48185","service":"plumbing","replayed":false}
{
  component: 'http',
  event: 'request_completed',
  requestId: '3e854534-ac0e-4018-9c78-1fba79816f49',
  methodClass: 'POST',
  durationMs: 15,
  statusCode: 201
}
[Simulations] Canonical graph committed: {"operationId":"cd921966-0844-4706-816c-51fc83c08ac8","service":"plumbing","replayed":false}
{
  component: 'http',
  event: 'request_completed',
  requestId: 'f958c676-4dda-4c5a-ace8-d5d3b8f8cafd',
  methodClass: 'POST',
  durationMs: 13,
  statusCode: 201
}
{
  component: 'http',
  event: 'request_completed',
  requestId: 'b1a03e39-ac03-46c1-802d-c7f74735d1ad',
  methodClass: 'POST',
  durationMs: 58,
  statusCode: 201
}
{
  component: 'http',
  event: 'request_completed',
  requestId: '457f6f66-03d9-454b-93b3-7e93cb101504',
  methodClass: 'POST',
  durationMs: 83,
  statusCode: 200
}
{
  component: 'http',
  event: 'request_completed',
  requestId: 'af353867-5771-4eaa-8955-9580d07419c0',
  methodClass: 'POST',
  durationMs: 117,
  statusCode: 201
}
{
  component: 'http',
  event: 'request_completed',
  requestId: '1e0ab61e-e3ab-4880-b834-799150301c20',
  methodClass: 'POST',
  durationMs: 150,
  statusCode: 200
}
{
  component: 'http',
  event: 'request_completed',
  requestId: '4db6d3d8-80aa-415c-b175-04c6fbdbe3dd',
  methodClass: 'POST',
  durationMs: 150,
  statusCode: 201
}
{
  component: 'http',
  event: 'request_completed',
  requestId: 'ea43327c-df70-4f82-805b-bf3df682f681',
  methodClass: 'POST',
  durationMs: 181,
  statusCode: 200
}
{
  component: 'http',
  event: 'request_completed',
  requestId: '9e8f1904-06a7-41e0-91c4-7165a50c4721',
  methodClass: 'POST',
  durationMs: 40,
  statusCode: 201
}
{
  component: 'http',
  event: 'request_completed',
  requestId: 'd527397c-29e2-4d67-ad1d-34dfbb1ce169',
  methodClass: 'POST',
  durationMs: 71,
  statusCode: 200
}
{
  component: 'http',
  event: 'request_completed',
  requestId: '2f1b3e92-783b-4968-864d-116cdb9a0ed5',
  methodClass: 'POST',
  durationMs: 114,
  statusCode: 201
}
{
  component: 'http',
  event: 'request_completed',
  requestId: 'e0e61e5e-30c7-41a3-9b08-3aa131ac053a',
  methodClass: 'POST',
  durationMs: 137,
  statusCode: 200
}
{
  component: 'http',
  event: 'request_completed',
  requestId: 'b0dec575-4c60-4865-9af0-f72a139f2ebe',
  methodClass: 'POST',
  durationMs: 37,
  statusCode: 201
}
{
  component: 'http',
  event: 'request_completed',
  requestId: 'd02af9eb-5c6f-4155-9616-59b2cfc584cb',
  methodClass: 'POST',
  durationMs: 65,
  statusCode: 200
}
{
  component: 'http',
  event: 'request_completed',
  requestId: 'f918c753-d6ad-4a91-8790-910a85d81a34',
  methodClass: 'POST',
  durationMs: 100,
  statusCode: 201
}
{
  component: 'http',
  event: 'request_completed',
  requestId: '88b8381d-ca5c-4022-b6e8-33396b149d42',
  methodClass: 'POST',
  durationMs: 127,
  statusCode: 200
}
{
  component: 'http',
  event: 'request_completed',
  requestId: '85ec20f7-cdb6-4911-92c9-ea933a69a14e',
  methodClass: 'POST',
  durationMs: 137,
  statusCode: 201
}
{
  component: 'http',
  event: 'request_completed',
  requestId: '4060e7fb-fc98-4d37-832d-94609fc36bd2',
  methodClass: 'POST',
  durationMs: 161,
  statusCode: 200
}
{
  component: 'http',
  event: 'request_completed',
  requestId: '39723505-d9a8-4341-a21e-c06f4b3509b8',
  methodClass: 'POST',
  durationMs: 145,
  statusCode: 201
}
{
  component: 'http',
  event: 'request_completed',
  requestId: '73fc6792-15ce-457f-90a3-82b90bee6ccc',
  methodClass: 'POST',
  durationMs: 165,
  statusCode: 200
}
{
  component: 'http',
  event: 'request_completed',
  requestId: '176165e0-464a-4cf3-acc7-3cee790ca941',
  methodClass: 'POST',
  durationMs: 35,
  statusCode: 201
}
{
  component: 'http',
  event: 'request_completed',
  requestId: '14c7d9c3-4bcd-498d-9230-b0b15f6ba6a8',
  methodClass: 'POST',
  durationMs: 62,
  statusCode: 200
}
{
  component: 'http',
  event: 'request_completed',
  requestId: '5d271b25-ec25-45b9-91f3-71dd6ade5814',
  methodClass: 'POST',
  durationMs: 106,
  statusCode: 201
}
{
  component: 'http',
  event: 'request_completed',
  requestId: 'd36b30c7-dad2-4e40-a74e-bf1780814549',
  methodClass: 'POST',
  durationMs: 125,
  statusCode: 200
}
{
  component: 'http',
  event: 'request_completed',
  requestId: '9cdf4d96-2f7c-4cf6-bf4e-d6acea7cf9af',
  methodClass: 'GET',
  durationMs: 67,
  statusCode: 200
}
{
  component: 'http',
  event: 'request_completed',
  requestId: '2bfd101f-75c9-4daf-8250-72aa6e64230b',
  methodClass: 'GET',
  durationMs: 16,
  statusCode: 200
}
{
  component: 'http',
  event: 'request_completed',
  requestId: '29db9e72-4b30-47ec-8cf4-b038a8f2213e',
  methodClass: 'POST',
  durationMs: 4,
  statusCode: 200
}
{
  component: 'product_telemetry',
  event: 'aggregate_updated',
  eventClass: 'page_view',
  surface: 'public',
  routeClass: 'login',
  action: 'none',
  elapsedBucket: 'under_15s',
  count: 1
}
{
  component: 'http',
  event: 'request_completed',
  requestId: '159a8f03-61af-4c90-a402-4571b22da7f5',
  methodClass: 'POST',
  durationMs: 1,
  statusCode: 202
}
{
  component: 'http',
  event: 'request_completed',
  requestId: '82f7f0fa-eb43-42e5-aafd-137a01e25317',
  methodClass: 'GET',
  durationMs: 16,
  statusCode: 200
}
{
  component: 'http',
  event: 'request_completed',
  requestId: '97e0bea7-d10f-4445-b069-d176184cdfb4',
  methodClass: 'GET',
  durationMs: 15,
  statusCode: 200
}
{
  component: 'http',
  event: 'request_completed',
  requestId: 'ab40933e-0e48-4d32-af3a-cdec5c54f2ea',
  methodClass: 'GET',
  durationMs: 16,
  statusCode: 200
}
{
  component: 'http',
  event: 'request_completed',
  requestId: '28c3dc2b-3453-4edf-9b62-b4331e16ebd9',
  methodClass: 'GET',
  durationMs: 15,
  statusCode: 200
}
{
  component: 'http',
  event: 'request_completed',
  requestId: '960c6d3b-367a-4ba0-b47f-4672056fe815',
  methodClass: 'GET',
  durationMs: 16,
  statusCode: 200
}
{
  component: 'http',
  event: 'request_completed',
  requestId: '2340f2e6-ba0b-4296-ab2d-9c8aed5677c9',
  methodClass: 'GET',
  durationMs: 4,
  statusCode: 401
}
{
  component: 'http',
  event: 'request_completed',
  requestId: 'f685129a-130c-4737-9828-40a47c6ee3de',
  methodClass: 'GET',
  durationMs: 16,
  statusCode: 200
}
{
  component: 'http',
  event: 'request_completed',
  requestId: '59e0a13b-f0c1-4492-9720-315487bd8a3f',
  methodClass: 'POST',
  durationMs: 141,
  statusCode: 201
}
{
  component: 'http',
  event: 'request_completed',
  requestId: 'e06ea64a-7c5d-41b5-bab2-e1a55905c605',
  methodClass: 'POST',
  durationMs: 165,
  statusCode: 200
}
{
  component: 'http',
  event: 'request_completed',
  requestId: '05eca919-d6b0-44f9-a3ab-579ab41f60dc',
  methodClass: 'POST',
  durationMs: 123,
  statusCode: 201
}
{
  component: 'http',
  event: 'request_completed',
  requestId: '7c20cbc8-3124-4908-af61-c226fcdff37d',
  methodClass: 'POST',
  durationMs: 149,
  statusCode: 200
}
{
  component: 'http',
  event: 'request_completed',
  requestId: '6fec3149-c22b-429f-9193-c52a6e5a94b7',
  methodClass: 'GET',
  durationMs: 15,
  statusCode: 200
}
{
  component: 'http',
  event: 'request_completed',
  requestId: '1cad9da2-75d8-4ec5-8624-8a834ca35376',
  methodClass: 'GET',
  durationMs: 15,
  statusCode: 200
}
{
  component: 'http',
  event: 'request_completed',
  requestId: 'a8078a61-a32d-427c-8a61-b9b9e11c651d',
  methodClass: 'GET',
  durationMs: 2,
  statusCode: 200
}
{
  component: 'product_telemetry',
  event: 'aggregate_updated',
  eventClass: 'page_view',
  surface: 'paid',
  routeClass: 'paid_command_center',
  action: 'none',
  elapsedBucket: 'under_15s',
  count: 1
}
{
  component: 'http',
  event: 'request_completed',
  requestId: 'ed99401e-de1e-48fe-b822-d4bcde9e86f3',
  methodClass: 'POST',
  durationMs: 1,
  statusCode: 202
}
{
  component: 'http',
  event: 'request_completed',
  requestId: '122e3716-9530-4540-ad24-24b7dbbd51b5',
  methodClass: 'GET',
  durationMs: 97,
  statusCode: 200
}
{"matrix":"webkit-desktop-light","version":"26.5","viewport":{"width":1280,"height":900},"fixtureTenantTimeZone":"Pacific/Honolulu","fixtureReferenceInstant":"2026-08-28T03:22:56.761Z","screenshots":12,"todayResponses":8,"employeeNetworkDestinations":["/api/v1/today","/assets/logo.png","/css/demo-dashboard.css","/css/homepage-refresh.css","/css/site-professionalism.css","/css/style.css","/css/today.css","/dashboard/today","/js/theme.js","/js/today-page.js","/js/today-shell.js"],"employeeResponseInventory":50,"externalCalls":0,"workerMutationNetwork":0,"browserErrors":[]}
