[DB] Migration applied: 001_initial_schema.sql
[DB] Migration applied: 002_seed_data.sql
[DB] Migration applied: 003_voice_sessions.sql
[DB] Migration applied: 004_canonical_persistence_v2.sql
[DB] Migration applied: 005_canonical_organization_authority.sql
[DB] Migration applied: 006_canonical_voice_sessions.sql
[DB] Migration applied: 007_canonical_tax_authority.sql
[DB] Migration applied: 008_canonical_demo_authority.sql
[DB] Migration applied: 009_canonical_voice_provider_identity.sql
[DB] Migration applied: 010_account_session_authority.sql
[DB] Migration applied: 011_oauth_authorization_states.sql
[DB] Migration applied: 012_account_verification_trial.sql
[DB] Migration applied: 015_workforce_authority.sql
[DB] Migration applied: 016_tenant_asset_catalogue.sql
[DB] Migration applied: 017_retell_webhook_replay_authority.sql
[DB] Migration applied: 018_canonical_map_preferences.sql
[DB] Migration applied: 019_account_email_outbox.sql
[DB] Migration applied: 020_canonical_workforce_access_roles.sql
[DB] Migration applied: 021_bounded_api_observability.sql
[DB] Migration applied: 022_demo_command_center_sessions.sql
[DB] Migration applied: 023_homepage_demo_admission.sql
[DB] Migration applied: 024_homepage_verified_purge_receipt.sql
[DB] Migration applied: 025_provider_agnostic_knowledge_registry.sql
[DB] Migration applied: 026_canonical_knowledge_review_publication.sql
[DB] Migration applied: 027_canonical_knowledge_audit_graph_authority.sql
[DB] Migration applied: 028_canonical_knowledge_immutable_lifecycle.sql
[DB] Migration applied: 029_canonical_knowledge_transactional_sync.sql
[DB] Migration applied: 030_canonical_knowledge_sync_revocation.sql
[DB] Migration applied: 031_canonical_knowledge_sync_recovery_lifecycle.sql
[DB] Migration applied: 032_canonical_schedule_assignment_authority.sql
[DB] Migration applied: 033_canonical_schedule_time_evidence.sql
[DB] Migration applied: 034_schedule_availability_conflict_authority.sql
[DB] Migration applied: 035_schedule_human_preview_approval.sql
[Simulations] Canonical graph committed: {"operationId":"65fd7987-229f-4e79-9489-731a2cf61147","service":"plumbing","replayed":false}
{
  component: 'http',
  event: 'request_completed',
  requestId: 'a7f5945b-a38d-4a87-a580-7ed4f31fce53',
  methodClass: 'POST',
  durationMs: 39,
  statusCode: 201
}
[Simulations] Canonical graph committed: {"operationId":"b99cb056-e21a-4098-a64b-9659e1025015","service":"plumbing","replayed":false}
{
  component: 'http',
  event: 'request_completed',
  requestId: '7cc72736-3d6c-44eb-82fb-61cdd7e533cd',
  methodClass: 'POST',
  durationMs: 24,
  statusCode: 201
}
[Simulations] Canonical graph committed: {"operationId":"dbc8cd17-01d6-4873-95f4-73854f2beaab","service":"plumbing","replayed":false}
{
  component: 'http',
  event: 'request_completed',
  requestId: 'df2079a9-0209-4758-a1dd-97a8cf710905',
  methodClass: 'POST',
  durationMs: 14,
  statusCode: 201
}
[Simulations] Canonical graph committed: {"operationId":"18a03b7d-b1ff-4d21-887e-5800a776b42f","service":"plumbing","replayed":false}
{
  component: 'http',
  event: 'request_completed',
  requestId: 'd1b3e202-7951-4699-8f50-90fd13b70218',
  methodClass: 'POST',
  durationMs: 14,
  statusCode: 201
}
[Simulations] Canonical graph committed: {"operationId":"9eef287d-64e8-4ee7-bff5-64a8e98f5737","service":"plumbing","replayed":false}
{
  component: 'http',
  event: 'request_completed',
  requestId: '03859acd-e234-44cb-86a5-541c29886709',
  methodClass: 'POST',
  durationMs: 12,
  statusCode: 201
}
{
  component: 'http',
  event: 'request_completed',
  requestId: '32b8931f-f6c6-4e7b-ab16-4ec78d924979',
  methodClass: 'POST',
  durationMs: 55,
  statusCode: 201
}
{
  component: 'http',
  event: 'request_completed',
  requestId: '53595837-1afa-4863-80d5-5b0834f9a824',
  methodClass: 'POST',
  durationMs: 100,
  statusCode: 200
}
{
  component: 'http',
  event: 'request_completed',
  requestId: 'aa3c98e8-0ad8-4a9f-8c33-b5431aaad335',
  methodClass: 'POST',
  durationMs: 115,
  statusCode: 201
}
{
  component: 'http',
  event: 'request_completed',
  requestId: '5fde7ad6-8d1d-4dfc-ace4-5748497da742',
  methodClass: 'POST',
  durationMs: 146,
  statusCode: 200
}
{
  component: 'http',
  event: 'request_completed',
  requestId: '1b90376c-9067-48af-ad92-ebad9487504e',
  methodClass: 'POST',
  durationMs: 155,
  statusCode: 201
}
{
  component: 'http',
  event: 'request_completed',
  requestId: '2395223b-67ad-4803-aa6c-8d50572a8d59',
  methodClass: 'POST',
  durationMs: 171,
  statusCode: 200
}
{
  component: 'http',
  event: 'request_completed',
  requestId: '3d8b2d29-1eae-497f-8b41-79f1d20fcd4b',
  methodClass: 'POST',
  durationMs: 39,
  statusCode: 201
}
{
  component: 'http',
  event: 'request_completed',
  requestId: 'c767f1ac-29b8-4c0f-b393-db63d30b20c8',
  methodClass: 'POST',
  durationMs: 69,
  statusCode: 200
}
{
  component: 'http',
  event: 'request_completed',
  requestId: 'e9172887-eaaf-4a62-8bcf-eecff71e1e10',
  methodClass: 'POST',
  durationMs: 103,
  statusCode: 201
}
{
  component: 'http',
  event: 'request_completed',
  requestId: '2f159b09-5db4-4419-9f38-23a74bae5728',
  methodClass: 'POST',
  durationMs: 133,
  statusCode: 200
}
{
  component: 'http',
  event: 'request_completed',
  requestId: 'cb8ff903-06fd-4394-bfd9-a354b21f37fc',
  methodClass: 'POST',
  durationMs: 37,
  statusCode: 201
}
{
  component: 'http',
  event: 'request_completed',
  requestId: '7ea3dbb9-4b10-4efa-88d8-c6b9ecb70098',
  methodClass: 'POST',
  durationMs: 66,
  statusCode: 200
}
{
  component: 'http',
  event: 'request_completed',
  requestId: '60940bc4-9300-44f7-8cdd-8d1bdaf05bac',
  methodClass: 'POST',
  durationMs: 97,
  statusCode: 201
}
{
  component: 'http',
  event: 'request_completed',
  requestId: 'e3ac7efd-6020-476d-8374-6a9065e06172',
  methodClass: 'POST',
  durationMs: 129,
  statusCode: 200
}
{
  component: 'http',
  event: 'request_completed',
  requestId: '54719682-0256-488e-96f3-9308cf2a5f7a',
  methodClass: 'POST',
  durationMs: 140,
  statusCode: 201
}
{
  component: 'http',
  event: 'request_completed',
  requestId: 'da4ca776-eead-481a-853d-a7ed3853794c',
  methodClass: 'POST',
  durationMs: 162,
  statusCode: 200
}
{
  component: 'http',
  event: 'request_completed',
  requestId: '7e1b1ed5-cbc7-44eb-a4fc-2da3018c75dc',
  methodClass: 'POST',
  durationMs: 139,
  statusCode: 201
}
{
  component: 'http',
  event: 'request_completed',
  requestId: 'c4b4edbe-22e0-4f3a-af69-568da1772479',
  methodClass: 'POST',
  durationMs: 173,
  statusCode: 200
}
{
  component: 'http',
  event: 'request_completed',
  requestId: '00424014-cc72-41c8-906c-1e6061215a68',
  methodClass: 'POST',
  durationMs: 35,
  statusCode: 201
}
{
  component: 'http',
  event: 'request_completed',
  requestId: '1ec1e98e-5ba6-485f-82a7-ee242c6aa03a',
  methodClass: 'POST',
  durationMs: 66,
  statusCode: 200
}
{
  component: 'http',
  event: 'request_completed',
  requestId: '5561211d-60b1-456e-8eb8-3848f6ac6f10',
  methodClass: 'POST',
  durationMs: 90,
  statusCode: 201
}
{
  component: 'http',
  event: 'request_completed',
  requestId: '53b83a10-2773-4da1-a0f5-10bf4fc355b6',
  methodClass: 'POST',
  durationMs: 126,
  statusCode: 200
}
{
  component: 'http',
  event: 'request_completed',
  requestId: '33cca4df-69ac-41e2-b3e5-b86261253ed7',
  methodClass: 'GET',
  durationMs: 18,
  statusCode: 200
}
{
  component: 'http',
  event: 'request_completed',
  requestId: 'f826fa01-4877-45f0-8ca5-db8766e95d73',
  methodClass: 'GET',
  durationMs: 18,
  statusCode: 200
}
{
  component: 'http',
  event: 'request_completed',
  requestId: '70932bb3-30e5-4ccd-9981-c1f669e4dd7c',
  methodClass: 'POST',
  durationMs: 4,
  statusCode: 200
}
{
  component: 'product_telemetry',
  event: 'aggregate_updated',
  eventClass: 'page_view',
  surface: 'public',
  routeClass: 'login',
  action: 'none',
  elapsedBucket: 'under_15s',
  count: 1
}
{
  component: 'http',
  event: 'request_completed',
  requestId: '6f2477dd-a129-476c-a24b-51bc66486744',
  methodClass: 'POST',
  durationMs: 1,
  statusCode: 202
}
{
  component: 'http',
  event: 'request_completed',
  requestId: 'a0c0751f-206c-4c74-8039-233b1d0aa41f',
  methodClass: 'GET',
  durationMs: 16,
  statusCode: 200
}
{
  component: 'http',
  event: 'request_completed',
  requestId: '5e1c6d20-15e0-4383-999b-4e89a9059ce5',
  methodClass: 'GET',
  durationMs: 16,
  statusCode: 200
}
{
  component: 'http',
  event: 'request_completed',
  requestId: 'e097a71a-817d-42c9-82b1-12242bd1c0ab',
  methodClass: 'GET',
  durationMs: 16,
  statusCode: 200
}
{
  component: 'http',
  event: 'request_completed',
  requestId: '8fb6e4b4-0c09-4c8b-816f-f51d62734d9f',
  methodClass: 'GET',
  durationMs: 19,
  statusCode: 200
}
{
  component: 'http',
  event: 'request_completed',
  requestId: 'b8065685-7cbf-42ac-af34-36311602d2a7',
  methodClass: 'GET',
  durationMs: 18,
  statusCode: 200
}
{
  component: 'http',
  event: 'request_completed',
  requestId: '6b8d2678-e239-4b46-9adb-eb4fda7179bc',
  methodClass: 'GET',
  durationMs: 2,
  statusCode: 401
}
{
  component: 'http',
  event: 'request_completed',
  requestId: '64883dda-a9fa-4687-93a5-0c8c0212dae8',
  methodClass: 'GET',
  durationMs: 16,
  statusCode: 200
}
{
  component: 'http',
  event: 'request_completed',
  requestId: '8a6a5767-5c7b-4da8-a4b2-c0d810a6c4db',
  methodClass: 'POST',
  durationMs: 143,
  statusCode: 201
}
{
  component: 'http',
  event: 'request_completed',
  requestId: '40c5b85c-4909-46a8-b02f-f0515c7fc7f1',
  methodClass: 'POST',
  durationMs: 162,
  statusCode: 200
}
{
  component: 'http',
  event: 'request_completed',
  requestId: '87f724af-7f97-45c2-805c-61a7d3fcc931',
  methodClass: 'POST',
  durationMs: 128,
  statusCode: 201
}
{
  component: 'http',
  event: 'request_completed',
  requestId: 'd5d586f5-c84e-492d-bdf7-3b925fe427b1',
  methodClass: 'POST',
  durationMs: 154,
  statusCode: 200
}
{
  component: 'http',
  event: 'request_completed',
  requestId: '416834d1-5294-48fa-bad1-8803b6a5a25b',
  methodClass: 'GET',
  durationMs: 22,
  statusCode: 200
}
{
  component: 'http',
  event: 'request_completed',
  requestId: '9d2ba8ac-742e-46e3-9151-66e0e230d33f',
  methodClass: 'GET',
  durationMs: 17,
  statusCode: 200
}
{
  component: 'http',
  event: 'request_completed',
  requestId: '467da92d-30e4-45ec-8fa8-f3d583207b8c',
  methodClass: 'GET',
  durationMs: 4,
  statusCode: 200
}
{
  component: 'product_telemetry',
  event: 'aggregate_updated',
  eventClass: 'page_view',
  surface: 'paid',
  routeClass: 'paid_command_center',
  action: 'none',
  elapsedBucket: 'under_15s',
  count: 1
}
{
  component: 'http',
  event: 'request_completed',
  requestId: '91e1bfdd-7a6a-4849-8e77-85ebd7613a8c',
  methodClass: 'POST',
  durationMs: 1,
  statusCode: 202
}
{
  component: 'http',
  event: 'request_completed',
  requestId: '1f9592cc-c296-4b62-8493-95e1bcd67a3b',
  methodClass: 'GET',
  durationMs: 66,
  statusCode: 200
}
{"matrix":"webkit-mobile-light","version":"26.5","viewport":{"width":390,"height":844},"fixtureTenantTimeZone":"Pacific/Honolulu","fixtureReferenceInstant":"2026-08-28T03:23:35.775Z","screenshots":12,"todayResponses":8,"employeeNetworkDestinations":["/api/v1/today","/assets/logo.png","/css/demo-dashboard.css","/css/homepage-refresh.css","/css/site-professionalism.css","/css/style.css","/css/today.css","/dashboard/today","/js/theme.js","/js/today-page.js","/js/today-shell.js"],"employeeResponseInventory":50,"externalCalls":0,"workerMutationNetwork":0,"browserErrors":[]}
