[DB] Migration applied: 001_initial_schema.sql
[DB] Migration applied: 002_seed_data.sql
[DB] Migration applied: 003_voice_sessions.sql
[DB] Migration applied: 004_canonical_persistence_v2.sql
[DB] Migration applied: 005_canonical_organization_authority.sql
[DB] Migration applied: 006_canonical_voice_sessions.sql
[DB] Migration applied: 007_canonical_tax_authority.sql
[DB] Migration applied: 008_canonical_demo_authority.sql
[DB] Migration applied: 009_canonical_voice_provider_identity.sql
[DB] Migration applied: 010_account_session_authority.sql
[DB] Migration applied: 011_oauth_authorization_states.sql
[DB] Migration applied: 012_account_verification_trial.sql
[DB] Migration applied: 015_workforce_authority.sql
[DB] Migration applied: 016_tenant_asset_catalogue.sql
[DB] Migration applied: 017_retell_webhook_replay_authority.sql
[DB] Migration applied: 018_canonical_map_preferences.sql
[DB] Migration applied: 019_account_email_outbox.sql
[DB] Migration applied: 020_canonical_workforce_access_roles.sql
[DB] Migration applied: 021_bounded_api_observability.sql
[DB] Migration applied: 022_demo_command_center_sessions.sql
[DB] Migration applied: 023_homepage_demo_admission.sql
[DB] Migration applied: 024_homepage_verified_purge_receipt.sql
[DB] Migration applied: 025_provider_agnostic_knowledge_registry.sql
[DB] Migration applied: 026_canonical_knowledge_review_publication.sql
[DB] Migration applied: 027_canonical_knowledge_audit_graph_authority.sql
[DB] Migration applied: 028_canonical_knowledge_immutable_lifecycle.sql
[DB] Migration applied: 029_canonical_knowledge_transactional_sync.sql
[DB] Migration applied: 030_canonical_knowledge_sync_revocation.sql
[DB] Migration applied: 031_canonical_knowledge_sync_recovery_lifecycle.sql
[DB] Migration applied: 032_canonical_schedule_assignment_authority.sql
[DB] Migration applied: 033_canonical_schedule_time_evidence.sql
[DB] Migration applied: 034_schedule_availability_conflict_authority.sql
[DB] Migration applied: 035_schedule_human_preview_approval.sql
[Simulations] Canonical graph committed: {"operationId":"774b9ddf-35e4-4ab3-bca3-78253971fa14","service":"plumbing","replayed":false}
{
  component: 'http',
  event: 'request_completed',
  requestId: '4fbac0d6-bc91-4c40-98e2-2fd8d405136d',
  methodClass: 'POST',
  durationMs: 51,
  statusCode: 201
}
[Simulations] Canonical graph committed: {"operationId":"bac888b8-5039-4d9e-a428-97de25bd4995","service":"plumbing","replayed":false}
{
  component: 'http',
  event: 'request_completed',
  requestId: 'db75e5b0-0d2a-43fa-9f30-651f185356c3',
  methodClass: 'POST',
  durationMs: 24,
  statusCode: 201
}
[Simulations] Canonical graph committed: {"operationId":"80020714-b1e4-4848-b47f-388ca5dd36b6","service":"plumbing","replayed":false}
{
  component: 'http',
  event: 'request_completed',
  requestId: 'e16277f6-8068-4645-beb6-5dacafadfd2a',
  methodClass: 'POST',
  durationMs: 15,
  statusCode: 201
}
[Simulations] Canonical graph committed: {"operationId":"364851a4-3950-4fe0-bf92-8fc4d3ba2ec6","service":"plumbing","replayed":false}
{
  component: 'http',
  event: 'request_completed',
  requestId: '267e94ba-cd2f-45fb-a97b-10e23337981b',
  methodClass: 'POST',
  durationMs: 15,
  statusCode: 201
}
[Simulations] Canonical graph committed: {"operationId":"c54d7189-948a-434e-b3d2-269f35751186","service":"plumbing","replayed":false}
{
  component: 'http',
  event: 'request_completed',
  requestId: 'ebd591f8-1176-40cc-bc27-8309cb7e7148',
  methodClass: 'POST',
  durationMs: 13,
  statusCode: 201
}
{
  component: 'http',
  event: 'request_completed',
  requestId: '50cf47b6-df81-4260-a60e-18946e5b2d25',
  methodClass: 'POST',
  durationMs: 56,
  statusCode: 201
}
{
  component: 'http',
  event: 'request_completed',
  requestId: '05257b84-2942-4bc8-b2a1-0fafec19f20b',
  methodClass: 'POST',
  durationMs: 80,
  statusCode: 200
}
{
  component: 'http',
  event: 'request_completed',
  requestId: '3c93718a-4be9-412f-87fd-a8b1bd697bdb',
  methodClass: 'POST',
  durationMs: 115,
  statusCode: 201
}
{
  component: 'http',
  event: 'request_completed',
  requestId: '46c7bff9-f8c7-4b28-bfcb-516cd9b2a361',
  methodClass: 'POST',
  durationMs: 142,
  statusCode: 200
}
{
  component: 'http',
  event: 'request_completed',
  requestId: '96af6431-a4ff-426e-aad0-5aad767e4b9f',
  methodClass: 'POST',
  durationMs: 135,
  statusCode: 201
}
{
  component: 'http',
  event: 'request_completed',
  requestId: 'e37cc5ac-7418-441c-9bbf-bf65c9c1863b',
  methodClass: 'POST',
  durationMs: 166,
  statusCode: 200
}
{
  component: 'http',
  event: 'request_completed',
  requestId: '9e7d2462-172d-4760-80b2-5fe0793ef274',
  methodClass: 'POST',
  durationMs: 41,
  statusCode: 201
}
{
  component: 'http',
  event: 'request_completed',
  requestId: '995ee459-cda8-4eaa-bbc2-7c28a0a05600',
  methodClass: 'POST',
  durationMs: 68,
  statusCode: 200
}
{
  component: 'http',
  event: 'request_completed',
  requestId: '9d3a287c-9398-4912-9f2f-6e6ed64c5adf',
  methodClass: 'POST',
  durationMs: 111,
  statusCode: 201
}
{
  component: 'http',
  event: 'request_completed',
  requestId: '1a7a43d5-7297-439e-ae0b-c25bc9fb7272',
  methodClass: 'POST',
  durationMs: 131,
  statusCode: 200
}
{
  component: 'http',
  event: 'request_completed',
  requestId: 'aa583f1a-6b0a-47f9-9348-d35788fa3195',
  methodClass: 'POST',
  durationMs: 37,
  statusCode: 201
}
{
  component: 'http',
  event: 'request_completed',
  requestId: 'd51b5d04-4a53-46b0-b196-6c5081269a88',
  methodClass: 'POST',
  durationMs: 67,
  statusCode: 200
}
{
  component: 'http',
  event: 'request_completed',
  requestId: '05343520-b941-47dc-8a75-ca5e653981e5',
  methodClass: 'POST',
  durationMs: 98,
  statusCode: 201
}
{
  component: 'http',
  event: 'request_completed',
  requestId: 'd23663ae-ed4b-4577-a0f1-41d53e4cd598',
  methodClass: 'POST',
  durationMs: 126,
  statusCode: 200
}
{
  component: 'http',
  event: 'request_completed',
  requestId: 'd49af737-7fd7-40ba-9b4a-906ced60ba77',
  methodClass: 'POST',
  durationMs: 138,
  statusCode: 201
}
{
  component: 'http',
  event: 'request_completed',
  requestId: 'a4055014-ae46-4bb8-b593-088748576d87',
  methodClass: 'POST',
  durationMs: 172,
  statusCode: 200
}
{
  component: 'http',
  event: 'request_completed',
  requestId: 'aa405116-a4bf-47c7-a093-766a79ea0ec6',
  methodClass: 'POST',
  durationMs: 137,
  statusCode: 201
}
{
  component: 'http',
  event: 'request_completed',
  requestId: '0735b740-db34-4943-a476-4df46310d4f9',
  methodClass: 'POST',
  durationMs: 166,
  statusCode: 200
}
{
  component: 'http',
  event: 'request_completed',
  requestId: 'f43d6a44-df23-4c41-bb77-099b32d6dbe2',
  methodClass: 'POST',
  durationMs: 39,
  statusCode: 201
}
{
  component: 'http',
  event: 'request_completed',
  requestId: 'ba695304-2181-4d66-b5d5-ba6d0c185b8c',
  methodClass: 'POST',
  durationMs: 62,
  statusCode: 200
}
{
  component: 'http',
  event: 'request_completed',
  requestId: '304d44ac-6776-4f42-a00b-cf1cb03459f2',
  methodClass: 'POST',
  durationMs: 99,
  statusCode: 201
}
{
  component: 'http',
  event: 'request_completed',
  requestId: '3ee83fe2-ba38-44a1-a52d-d3b36fd6255e',
  methodClass: 'POST',
  durationMs: 134,
  statusCode: 200
}
{
  component: 'http',
  event: 'request_completed',
  requestId: '44e0a374-2134-4338-b518-a1152d696455',
  methodClass: 'GET',
  durationMs: 117,
  statusCode: 200
}
{
  component: 'http',
  event: 'request_completed',
  requestId: 'e8bc551c-8ad0-4a73-a97f-6a021718d8f9',
  methodClass: 'GET',
  durationMs: 29,
  statusCode: 200
}
{
  component: 'http',
  event: 'request_completed',
  requestId: 'd8213c74-1209-43f7-a96a-16134eea98a7',
  methodClass: 'POST',
  durationMs: 8,
  statusCode: 200
}
