[DB] Migration applied: 001_initial_schema.sql
[DB] Migration applied: 002_seed_data.sql
[DB] Migration applied: 003_voice_sessions.sql
[DB] Migration applied: 004_canonical_persistence_v2.sql
[DB] Migration applied: 005_canonical_organization_authority.sql
[DB] Migration applied: 006_canonical_voice_sessions.sql
[DB] Migration applied: 007_canonical_tax_authority.sql
[DB] Migration applied: 008_canonical_demo_authority.sql
[DB] Migration applied: 009_canonical_voice_provider_identity.sql
[DB] Migration applied: 010_account_session_authority.sql
[DB] Migration applied: 011_oauth_authorization_states.sql
[DB] Migration applied: 012_account_verification_trial.sql
[DB] Migration applied: 015_workforce_authority.sql
[DB] Migration applied: 016_tenant_asset_catalogue.sql
[DB] Migration applied: 017_retell_webhook_replay_authority.sql
[DB] Migration applied: 018_canonical_map_preferences.sql
[DB] Migration applied: 019_account_email_outbox.sql
[DB] Migration applied: 020_canonical_workforce_access_roles.sql
[DB] Migration applied: 021_bounded_api_observability.sql
[DB] Migration applied: 022_demo_command_center_sessions.sql
[DB] Migration applied: 023_homepage_demo_admission.sql
[DB] Migration applied: 024_homepage_verified_purge_receipt.sql
[DB] Migration applied: 025_provider_agnostic_knowledge_registry.sql
[DB] Migration applied: 026_canonical_knowledge_review_publication.sql
[DB] Migration applied: 027_canonical_knowledge_audit_graph_authority.sql
[DB] Migration applied: 028_canonical_knowledge_immutable_lifecycle.sql
[DB] Migration applied: 029_canonical_knowledge_transactional_sync.sql
[DB] Migration applied: 030_canonical_knowledge_sync_revocation.sql
[DB] Migration applied: 031_canonical_knowledge_sync_recovery_lifecycle.sql
[DB] Migration applied: 032_canonical_schedule_assignment_authority.sql
[DB] Migration applied: 033_canonical_schedule_time_evidence.sql
[DB] Migration applied: 034_schedule_availability_conflict_authority.sql
[DB] Migration applied: 035_schedule_human_preview_approval.sql
[Simulations] Canonical graph committed: {"operationId":"01739af9-72c2-4260-b9f5-d35f35ccee0f","service":"plumbing","replayed":false}
{
  component: 'http',
  event: 'request_completed',
  requestId: '5d1253e7-9552-4d61-89cd-3d29a9489057',
  methodClass: 'POST',
  durationMs: 40,
  statusCode: 201
}
[Simulations] Canonical graph committed: {"operationId":"97e62a03-0da9-4adc-883c-12473c0256f6","service":"plumbing","replayed":false}
{
  component: 'http',
  event: 'request_completed',
  requestId: '151ad7f2-3e5d-437c-aacc-9174127528a1',
  methodClass: 'POST',
  durationMs: 25,
  statusCode: 201
}
[Simulations] Canonical graph committed: {"operationId":"cc77f346-011b-44cf-9e4c-bb2b4eb5245c","service":"plumbing","replayed":false}
{
  component: 'http',
  event: 'request_completed',
  requestId: 'cddc3a56-886a-4ff8-99da-074739394790',
  methodClass: 'POST',
  durationMs: 17,
  statusCode: 201
}
[Simulations] Canonical graph committed: {"operationId":"3b03482a-2e51-4d80-8d58-41bfa2d28a57","service":"plumbing","replayed":false}
{
  component: 'http',
  event: 'request_completed',
  requestId: '6d0fdbdd-b62d-4dc7-99d0-8db30922b95f',
  methodClass: 'POST',
  durationMs: 16,
  statusCode: 201
}
[Simulations] Canonical graph committed: {"operationId":"cd651fe8-91a1-460e-81ce-b9f7c5b58573","service":"plumbing","replayed":false}
{
  component: 'http',
  event: 'request_completed',
  requestId: '44e28a1d-eedc-414b-a47c-77da0eb518f9',
  methodClass: 'POST',
  durationMs: 14,
  statusCode: 201
}
{
  component: 'http',
  event: 'request_completed',
  requestId: 'b3a44c0b-2d35-4ed3-b322-a4c3ec1afb14',
  methodClass: 'POST',
  durationMs: 63,
  statusCode: 201
}
{
  component: 'http',
  event: 'request_completed',
  requestId: '7a485d28-03a6-49bd-b597-554b99187440',
  methodClass: 'POST',
  durationMs: 88,
  statusCode: 200
}
{
  component: 'http',
  event: 'request_completed',
  requestId: 'ead238b6-e1ea-4eeb-a654-08f6a6175c6b',
  methodClass: 'POST',
  durationMs: 127,
  statusCode: 201
}
{
  component: 'http',
  event: 'request_completed',
  requestId: '356a89ba-e50c-4200-8a2c-ce915faf6856',
  methodClass: 'POST',
  durationMs: 158,
  statusCode: 200
}
{
  component: 'http',
  event: 'request_completed',
  requestId: '0b04e210-9909-42e3-bb3a-2e6b8a4fc888',
  methodClass: 'POST',
  durationMs: 159,
  statusCode: 201
}
{
  component: 'http',
  event: 'request_completed',
  requestId: '0ab2f22b-ced6-47f3-8795-f606bae3c624',
  methodClass: 'POST',
  durationMs: 183,
  statusCode: 200
}
{
  component: 'http',
  event: 'request_completed',
  requestId: '917a1d77-bbc8-455a-af16-491525748fef',
  methodClass: 'POST',
  durationMs: 43,
  statusCode: 201
}
{
  component: 'http',
  event: 'request_completed',
  requestId: '1acac835-152f-447e-a438-f8f6d292831b',
  methodClass: 'POST',
  durationMs: 79,
  statusCode: 200
}
{
  component: 'http',
  event: 'request_completed',
  requestId: '61d44eb5-2580-4211-a2a5-0f28a10fdee1',
  methodClass: 'POST',
  durationMs: 124,
  statusCode: 201
}
{
  component: 'http',
  event: 'request_completed',
  requestId: '1b1c467b-d7ef-4e01-8682-c506aecdfb82',
  methodClass: 'POST',
  durationMs: 148,
  statusCode: 200
}
{
  component: 'http',
  event: 'request_completed',
  requestId: '21af69f8-dfe4-4fb2-99f6-634ac5424863',
  methodClass: 'POST',
  durationMs: 41,
  statusCode: 201
}
{
  component: 'http',
  event: 'request_completed',
  requestId: '76cf1cb3-665e-4c32-9012-98a695b0ed24',
  methodClass: 'POST',
  durationMs: 72,
  statusCode: 200
}
{
  component: 'http',
  event: 'request_completed',
  requestId: '90aba311-2044-44f2-90d1-d67893f41f66',
  methodClass: 'POST',
  durationMs: 107,
  statusCode: 201
}
{
  component: 'http',
  event: 'request_completed',
  requestId: '04dc4667-61bc-4bbb-a9a5-12dc16293dc4',
  methodClass: 'POST',
  durationMs: 250,
  statusCode: 200
}
{
  component: 'http',
  event: 'request_completed',
  requestId: '1dd578a5-b705-434c-aa21-0594f8e480c0',
  methodClass: 'POST',
  durationMs: 269,
  statusCode: 201
}
{
  component: 'http',
  event: 'request_completed',
  requestId: '8019db99-7082-4553-bdbf-c0b22ed0ec8e',
  methodClass: 'POST',
  durationMs: 195,
  statusCode: 200
}
{
  component: 'http',
  event: 'request_completed',
  requestId: 'f87bdc79-810c-4e17-9c68-932f6e5babc9',
  methodClass: 'POST',
  durationMs: 144,
  statusCode: 201
}
{
  component: 'http',
  event: 'request_completed',
  requestId: 'ce7dadb9-5930-4c3b-a86f-561ccf1d7bd9',
  methodClass: 'POST',
  durationMs: 181,
  statusCode: 200
}
{
  component: 'http',
  event: 'request_completed',
  requestId: '17181bff-ea2b-4e80-9870-7d928cd1e6e3',
  methodClass: 'POST',
  durationMs: 71,
  statusCode: 201
}
{
  component: 'http',
  event: 'request_completed',
  requestId: '94d36bf5-11ff-4254-9f78-5acab0c3fb02',
  methodClass: 'POST',
  durationMs: 76,
  statusCode: 200
}
{
  component: 'http',
  event: 'request_completed',
  requestId: 'e8b74670-e9de-47ee-840a-151cedaf0a7b',
  methodClass: 'POST',
  durationMs: 109,
  statusCode: 201
}
{
  component: 'http',
  event: 'request_completed',
  requestId: '6d84c3c0-72b8-4b65-b574-5cc9c7373144',
  methodClass: 'POST',
  durationMs: 179,
  statusCode: 200
}
{
  component: 'http',
  event: 'request_completed',
  requestId: 'a00cc707-8150-43d8-87dc-a302aa549e83',
  methodClass: 'GET',
  durationMs: 45,
  statusCode: 200
}
{
  component: 'http',
  event: 'request_completed',
  requestId: 'a83f8364-ca8e-4555-b8da-dece2d956040',
  methodClass: 'GET',
  durationMs: 19,
  statusCode: 200
}
{
  component: 'http',
  event: 'request_completed',
  requestId: '5aafd540-a2a6-4849-ad10-41af7cef2d1c',
  methodClass: 'GET',
  durationMs: 73,
  statusCode: 200
}
{
  component: 'http',
  event: 'request_completed',
  requestId: '7ac74d1c-8014-4852-9ec8-cb37c9dcb289',
  methodClass: 'POST',
  durationMs: 6,
  statusCode: 200
}
{
  component: 'product_telemetry',
  event: 'aggregate_updated',
  eventClass: 'page_view',
  surface: 'public',
  routeClass: 'login',
  action: 'none',
  elapsedBucket: 'under_15s',
  count: 1
}
{
  component: 'http',
  event: 'request_completed',
  requestId: '175a5495-99df-4a56-a4f6-4d1f44c7d913',
  methodClass: 'POST',
  durationMs: 5,
  statusCode: 202
}
{
  component: 'http',
  event: 'request_completed',
  requestId: 'dca17bbb-08af-4c8e-a2fd-5c937153cee5',
  methodClass: 'GET',
  durationMs: 49,
  statusCode: 200
}
{
  component: 'http',
  event: 'request_completed',
  requestId: 'f3388b0d-37a7-4ece-b504-5feb68e22921',
  methodClass: 'GET',
  durationMs: 18,
  statusCode: 200
}
{
  component: 'http',
  event: 'request_completed',
  requestId: '6359987c-37fc-43be-8c21-a03140fddafe',
  methodClass: 'GET',
  durationMs: 37,
  statusCode: 200
}
{
  component: 'http',
  event: 'request_completed',
  requestId: '287a4a7b-6a3c-4e5d-8467-7ecc2661d79b',
  methodClass: 'GET',
  durationMs: 30,
  statusCode: 200
}
{
  component: 'http',
  event: 'request_completed',
  requestId: '8ed680db-31f4-4d5a-845c-fa68881c29a7',
  methodClass: 'GET',
  durationMs: 92,
  statusCode: 200
}
{
  component: 'http',
  event: 'request_completed',
  requestId: 'c23047af-b431-4756-8239-6e3e323c3fff',
  methodClass: 'GET',
  durationMs: 2,
  statusCode: 401
}
{
  component: 'http',
  event: 'request_completed',
  requestId: '6c9cb260-1840-49af-80e1-fe1853f7fc26',
  methodClass: 'GET',
  durationMs: 31,
  statusCode: 200
}
{
  component: 'http',
  event: 'request_completed',
  requestId: 'f76f6712-4d65-4850-8901-e54f482d12e7',
  methodClass: 'POST',
  durationMs: 304,
  statusCode: 201
}
{
  component: 'http',
  event: 'request_completed',
  requestId: '42116976-913b-4020-97f0-a07fdf52da9b',
  methodClass: 'POST',
  durationMs: 339,
  statusCode: 200
}
{
  component: 'http',
  event: 'request_completed',
  requestId: '1dbcbe9c-5ac8-4680-a03f-9bbd87bc70e8',
  methodClass: 'POST',
  durationMs: 263,
  statusCode: 201
}
{
  component: 'http',
  event: 'request_completed',
  requestId: 'bad33f14-f91b-4d7d-8c9f-65f628b5f631',
  methodClass: 'POST',
  durationMs: 324,
  statusCode: 200
}
{
  component: 'http',
  event: 'request_completed',
  requestId: '0cce0e0f-ab2a-464a-8da7-cae4eaa88212',
  methodClass: 'GET',
  durationMs: 37,
  statusCode: 200
}
{
  component: 'http',
  event: 'request_completed',
  requestId: 'd3578308-211f-4774-8fcf-80436e0f442b',
  methodClass: 'GET',
  durationMs: 27,
  statusCode: 200
}
{
  component: 'http',
  event: 'request_completed',
  requestId: '634cdbaf-7883-477d-912d-85fad0d4b744',
  methodClass: 'GET',
  durationMs: 5,
  statusCode: 200
}
{
  component: 'product_telemetry',
  event: 'aggregate_updated',
  eventClass: 'page_view',
  surface: 'paid',
  routeClass: 'paid_command_center',
  action: 'none',
  elapsedBucket: 'under_15s',
  count: 1
}
{
  component: 'http',
  event: 'request_completed',
  requestId: '29249c2c-3f96-427f-8c7e-d483426cccdd',
  methodClass: 'POST',
  durationMs: 22,
  statusCode: 202
}
{
  component: 'http',
  event: 'request_completed',
  requestId: '80b82ad3-f891-4474-8d87-082477b3c0d7',
  methodClass: 'GET',
  durationMs: 294,
  statusCode: 200
}
{"matrix":"chrome-desktop-light","version":"151.0.7922.175","viewport":{"width":1280,"height":900},"fixtureTenantTimeZone":"Pacific/Honolulu","fixtureReferenceInstant":"2026-08-28T10:49:16.988Z","screenshots":12,"todayResponses":9,"employeeNetworkDestinations":["/api/v1/today","/assets/logo.png","/css/demo-dashboard.css","/css/homepage-refresh.css","/css/site-professionalism.css","/css/style.css","/css/today.css","/dashboard/today","/js/theme.js","/js/today-page.js","/js/today-shell.js"],"employeeResponseInventory":55,"externalCalls":0,"workerMutationNetwork":0,"browserErrors":[]}
