✔ total-bank actual cash excludes no earmarks, protections deducted once (27.3597ms)
✔ explicit legacy usable basis normalizes balances, preserves original facts, no fake flow (21.4665ms)
✔ versioned legacy migration is visible and survives save/reload without double adjustment (26.1948ms)
✔ unversioned ambiguous cash basis fails clearly (9.1006ms)
✔ unrecognized explicit basis fails, not silently coerced (1.3724ms)
✔ known actual expense total and unknown classification reconcile annual result (9.3528ms)
✔ known payroll does not invent headcount; locked receipts stay known (8.4428ms)
✔ tax/legal planning protections remain inside actual bank and carry to forecast (16.8772ms)
✔ multi-month legacy beginning balance and derived collections normalize once (9.373ms)
✔ startup default and eligibility retain founder decision (3.7383ms)
✔ recorded opening legal loss releases protection without changing historical labels (8.0976ms)
✔ dated forecast tax and legal payments after actuals release matching planning protection once (8.1355ms)
✔ legacy nonreconciling or varying restriction histories fail without invented adjustment flows (7.5965ms)
✔ explicitly revised cash basis cannot retain a stale legacy conversion notice (8.4498ms)
✔ reverse total-bank to legacy transition regenerates current notice, not saved prose (21.1001ms)
✔ notice reflects changed restriction amount including zero after serialized reload (47.3964ms)
✔ both cash-basis directions and repeated save/load regenerate notices independently of stored copy (144.0002ms)
ℹ tests 17
ℹ suites 0
ℹ pass 17
ℹ fail 0
ℹ cancelled 0
ℹ skipped 0
ℹ todo 0
ℹ duration_ms 483.5188
