✔ default120: no non-payroll acquisition, no distributions; all ledgers and annual totals reconcile (298.8391ms)
✔ zero customers: independent $10k minus120*$300; month34 negative (58.4917ms)
✔ two Starter full160 minutes: independent approved unit economics -62.128 (4.2243ms)
✔ flat additions with churn maintain100 paying businesses (9.5969ms)
✔ assisted close share survives market adjustment:12*.25/12=.25FTE (3.0389ms)
✔ already-employed team continues payroll below150 after customer decline (5.6966ms)
✔ first employment below150 remains ineligible (1.9464ms)
✔ 150 eligibility does not mandate a hire with no workload need (4.3543ms)
✔ approval plus lead time; full payroll at start; productivity50/75/100% (5.568ms)
✔ explicit employment end date stops payroll and capacity, not revenue threshold (4.5616ms)
✔ zero founder management allocation does not grant free line management (4.3264ms)
✔ unauthorized/invalid ownership and units fail closed; zero safely undefined (13.6702ms)
✔ founder-proposed25k1% derives2.5M post and2.475M pre;50k fixed ownership changes valuation (5.0708ms)
✔ saved3.3 explicit10% and50% monthly policy survive migration; reset uses new defaults (1.8921ms)
✔ configured campaign starts only chosen month; unset date disables spend (8.1296ms)
✔ $1000 marketing plus$200 support are present once in reconciled cost groups (2.5001ms)
✔ market pack opens opportunity but does not multiply10 target customers (3.3997ms)
✔ aggregate target allocates channels; bottom-up channels add distinct pipelines (5.0485ms)
✔ 9400 trials are940 potential payers at10%;9400 demand is a distinct scenario; loss not backlog (13.3013ms)
✔ self-service survives assisted onboarding shortage but shared support remains binding (6.5148ms)
✔ pre150 capacity trap shows unmet demand without inventing early hires (36.3707ms)
✔ gradual5000/month target is allowed later, not default or immediate proven demand (786.2794ms)
✔ explicit$10k company-wide distribution pays100 investor9900 founder and10000 total (3.2719ms)
✔ bank100k minus20k tax earmark30k reserve10k contingency gives40k capacity without payment (4.7059ms)
✔ restricted company cash stays in bank; no distribution of initial investment as earnings (2.2444ms)
✔ accumulated eligible earnings include prior losses; periodic distribution not limited to current profit (7.0296ms)
✔ unconfigured taxes prohibit distribution projection unless explicitly opted provisional (3.0927ms)
✔ tax provision is an earmark not cash payment; distributions reduce earnings once (3.4684ms)
✔ low cash constrains distributions by gross forward reserve (3.42ms)
✔ post-gap recovery remains unfinanceable and cannot distribute without resolved financing (8.0927ms)
✔ investor distributions continue after cash recovery (7.1287ms)
✔ month120 reserve includes explicit month121+ commitments (50.5359ms)
✔ unaffordable upcoming hires show funding requirement and reserve rather than fictional bridge (4.6558ms)
✔ annual prepay preserves monthly revenue134.1 and collections1609.2 only at renewal (9.0932ms)
✔ CSV precise fields match canonical monthly result with no rounded-cell totals (13.4126ms)
✔ seeded simulation reproduces and active acquisition/support-cost multipliers change results (1200.4062ms)
✔ offline worker contains exact canonical inline engine and distribution eligibility (3.2562ms)
✔ 20k tax payment consumes20k unprovided earnings, or releases prior20k provision without second deduction (4.6281ms)
✔ actual-month financial and customer locks survive changed future target; unsupported earnings history stays unavailable (18.3476ms)
✔ referrals use lagged businesses, not same-month recursive new payers, and rewards are variable once (3.0544ms)
✔ surge9400 paying demand records purchased capacity and immediate cash assumptions (5.6941ms)
✔ explicit saved-style reserve-only scenario protects15k within25k without an expense (2.3654ms)
✔ attorney earmark may exceed funding: warn, retain bank identity, do not silently clip (56.075ms)
✔ opening attorney expense consumes cash and reserve once and remains an earnings loss (2.7371ms)
✔ dated attorney invoice is one-time operating expense and releases matching earmark once (3.6098ms)
✔ attorney commitments beyond120 remain protected without duplicate forward protection (54.1217ms)
✔ saved attorney values are preserved and absent legacy reserve is not silently added (2.8208ms)
✔ new forecast prelaunch15k expense leaves10k opening bank, no legal hold, then9700 at zero activity (2.6645ms)
✔ forecast prelaunch startup loss protects investment from later10k operating profit (2.3166ms)
✔ old frozen reserve-only and explicit actual saved scenarios never acquire a forecast opening payment (4.6587ms)
✔ locked actual history ignores even an explicit forecast opening payment without remapping actual cost (9.1013ms)
ℹ tests 51
ℹ suites 0
ℹ pass 51
ℹ fail 0
ℹ cancelled 0
ℹ skipped 0
ℹ todo 0
ℹ duration_ms 2942.4437
