[DB] Migration applied: 001_initial_schema.sql
[DB] Migration applied: 002_seed_data.sql
[DB] Migration applied: 003_voice_sessions.sql
[DB] Migration applied: 004_canonical_persistence_v2.sql
[DB] Migration applied: 005_canonical_organization_authority.sql
[DB] Migration applied: 006_canonical_voice_sessions.sql
[DB] Migration applied: 007_canonical_tax_authority.sql
[DB] Migration applied: 008_canonical_demo_authority.sql
[DB] Migration applied: 009_canonical_voice_provider_identity.sql
[DB] Migration applied: 010_account_session_authority.sql
[DB] Migration applied: 011_oauth_authorization_states.sql
[DB] Migration applied: 012_account_verification_trial.sql
[DB] Migration applied: 015_workforce_authority.sql
[DB] Migration applied: 016_tenant_asset_catalogue.sql
[DB] Migration applied: 017_retell_webhook_replay_authority.sql
[DB] Migration applied: 018_canonical_map_preferences.sql
[DB] Migration applied: 019_account_email_outbox.sql
[DB] Migration applied: 020_canonical_workforce_access_roles.sql
[DB] Migration applied: 021_bounded_api_observability.sql
[DB] Migration applied: 022_demo_command_center_sessions.sql
[DB] Migration applied: 023_homepage_demo_admission.sql
[DB] Migration applied: 024_homepage_verified_purge_receipt.sql
[DB] Migration applied: 025_provider_agnostic_knowledge_registry.sql
[DB] Migration applied: 026_canonical_knowledge_review_publication.sql
[DB] Migration applied: 027_canonical_knowledge_audit_graph_authority.sql
[DB] Migration applied: 028_canonical_knowledge_immutable_lifecycle.sql
[DB] Migration applied: 029_canonical_knowledge_transactional_sync.sql
[DB] Migration applied: 030_canonical_knowledge_sync_revocation.sql
[DB] Migration applied: 031_canonical_knowledge_sync_recovery_lifecycle.sql
[DB] Migration applied: 032_canonical_schedule_assignment_authority.sql
[DB] Migration applied: 033_canonical_schedule_time_evidence.sql
[DB] Migration applied: 034_schedule_availability_conflict_authority.sql
[DB] Migration applied: 035_schedule_human_preview_approval.sql
[Cache] Redis is not required; optional in-process acceleration is enabled

╔══════════════════════════════════════════════╗
║      Northstar Solutions — Platform v1.0     ║
╠══════════════════════════════════════════════╣
║  🌐  http://localhost:55555                ║
║  🔐  Auth:        HttpOnly session cookies       ║
║  🗄️  Database:    ✓ PostgreSQL                   ║
║  📞  Retell AI:   ○ Needs API Key                ║
║  📱  Twilio SMS:  ○ Needs API Key                ║
╚══════════════════════════════════════════════╝

📍 Pages:
  http://localhost:55555/               → Landing page
  http://localhost:55555/login           → Sign in
  http://localhost:55555/signup          → Sign up (14-day free trial)
  http://localhost:55555/dashboard       → Contractor dashboard
  http://localhost:55555/dashboard/integrations → Integrations
  http://localhost:55555/admin           → Admin panel

📍 Auth API:
  POST http://localhost:55555/api/auth/signup          → Queues durable verification delivery
  POST http://localhost:55555/api/auth/login           → Sign in
  POST http://localhost:55555/api/auth/refresh         → Refresh token
  POST http://localhost:55555/api/auth/logout          → Revoke session
  GET  http://localhost:55555/api/auth/me              → Current user

{
  component: 'http',
  event: 'request_completed',
  requestId: '2e71519e-79b6-48a5-9491-dc17ec47a242',
  methodClass: 'GET',
  durationMs: 14,
  statusCode: 200
}
